reserved.frm
grid000.frm
brick01.frm
brick02.frm
brick03.frm
brick04.frm
brick05.frm
brick06.frm
brick07.frm
brick08.frm
brick09.frm
brick10.frm
brick11.frm
brick12.frm
brick13.frm
brick14.frm
brick15.frm
brick16.frm
brn1000.frm
brn1001.frm
capb000.frm
cav1000.frm
cav1001.frm
cav1002.frm
cav1003.frm
cav1004.frm
cav1004.frm
cav1005.frm
cav1005.frm
cav1006.frm
cav1006.frm
cav1007.frm
cav1007.frm
cav1008.frm
cav1008.frm
cav1009.frm
cav1009.frm
cav2000.frm
cav2000.frm
cav2001.frm
cav2001.frm
cav2002.frm
cav2002.frm
cav2003.frm
cav2003.frm
cav3000.frm
cav3000.frm
cav3001.frm
cav3001.frm
cav3002.frm
cav3002.frm
cav3003.frm
cav3003.frm
cav3004.frm
cav3004.frm
cav3005.frm
cav3005.frm
cav4000.frm
cav4000.frm
cav4001.frm
cav4001.frm
cav4002.frm
cav4002.frm
cav4003.frm
cav4003.frm
cav4004.frm
cav4005.frm
cav4006.frm
cav4007.frm
cav4008.frm
cav4009.frm
cav4010.frm
cav4011.frm
cav4012.frm
cav4013.frm
cav4014.frm
cmt1000.frm
cmt2000.frm
cmt3000.frm
cmt4000.frm
cmt5000.frm
cmt6000.frm
cmt7000.frm
cmt8000.frm
crbm000.frm
crbm001.frm
crbm002.frm
crbm003.frm
crbm004.frm
crbm005.frm
crbm006.frm
crbm007.frm
crbm008.frm
crbm009.frm
crbm010.frm
crbm011.frm
crbm012.frm
crbm013.frm
crbm014.frm
crbm015.frm
crbm016.frm
crbm017.frm
crtp000.frm
crtp001.frm
crtp002.frm
crtp003.frm
crtp004.frm
crtp005.frm
crtp006.frm
crtp007.frm
crtp008.frm
crtp009.frm
crtp010.frm
crtp011.frm
crtp012.frm
crtp013.frm
crtp014.frm
curb01.frm
curb02.frm
curb03.frm
curb04.frm
curb05.frm
curb06.frm
curb07.frm
curb08.frm
curb09.frm
curb10.frm
curb11.frm
curb12.frm
curb13.frm
curb14.frm
curb15.frm
curb16.frm
curb17.frm
curb18.frm
curb19.frm
curb20.frm
curb21.frm
curb22.frm
curb23.frm
curb24.frm
curb25.frm
curb26.frm
curb27.frm
curb28.frm
curb29.frm
curb30.frm
curb31.frm
curb32.frm
curb33.frm
curb34.frm
curb35.frm
curb36.frm
curb37.frm
curb38.frm
curb39.frm
curb40.frm
curb41.frm
curb42.frm
curb43.frm
curb44.frm
curb45.frm
curb46.frm
curb47.frm
curb48.frm
curb49.frm
curb50.frm
curb51.frm
curb52.frm
curb53.frm
curb54.frm
curb55.frm
edg1000.frm
edg1001.frm
edg1002.frm
edg1003.frm
edg2000.frm
edg2001.frm
edg2002.frm
edg2003.frm
edg3000.frm
edg3001.frm
edg4000.frm
edg4001.frm
edg4002.frm
edg4003.frm
edg4004.frm
edg4005.frm
edg4006.frm
edg4007.frm
edg4008.frm
edg5000.frm
edg5001.frm
edg5002.frm
edg5003.frm
edg5004.frm
edg5005.frm
edg5006.frm
edg5007.frm
edg5008.frm
edg6000.frm
edg6001.frm
edg6002.frm
edg6003.frm
edg6004.frm
edg6005.frm
edg6006.frm
edg6007.frm
edg6008.frm
edg6009.frm
edg6010.frm
edg6011.frm
edg7000.frm
edg7001.frm
edg7002.frm
edg7003.frm
edgs000.frm
edgs001.frm
edgs002.frm
edgs003.frm
edgs004.frm
fom1000.frm
grid001.frm
grt2000.frm
grt2001.frm
plk1000.frm
plk2000.frm
plk3000.frm
plk3001.frm
plk4000.frm
plk5000.frm
plk6000.frm
plk7000.frm
plt1000.frm
plt2000.frm
plt3000.frm
road01.frm
road02.frm
road03.frm
road04.frm
road05.frm
road06.frm
road07.frm
road08.frm
road09.frm
road10.frm
road11.frm
road12.frm
road13.frm
road14.frm
road15.frm
road16.frm
road17.frm
road18.frm
road19.frm
road20.frm
road21.frm
road22.frm
road23.frm
road24.frm
road25.frm
road26.frm
road27.frm
road28.frm
road29.frm
road30.frm
road31.frm
road32.frm
road33.frm
road34.frm
road35.frm
road36.frm
road37.frm
road38.frm
road39.frm
rst1000.frm
rst1001.frm
rst1002.frm
rst1003.frm
ruf1000.frm
ruf1001.frm
ruf2000.frm
ruf2001.frm
ruf2002.frm
ruf2003.frm
ruf2004.frm
ruf2005.frm
ruf2006.frm
ruf2007.frm
ruf2008.frm
ruf3000.frm
ruf3001.frm
ruf4000.frm
stlflr01.frm
stlflr02.frm
stlflr03.frm
stlflr04.frm
stlflr05.frm
stlflr06.frm
stop000.frm
stop001.frm
stop002.frm
stop003.frm
stop004.frm
stop005.frm
stop006.frm
stop007.frm
stop008.frm
stop009.frm
stop010.frm
stop011.frm
stop012.frm
stop013.frm
stop014.frm
stop015.frm
stop016.frm
stop017.frm
stop018.frm
stop019.frm
stop020.frm
stop021.frm
stop022.frm
stop023.frm
stop024.frm
stop025.frm
stop026.frm
stop027.frm
tp010.frm
tp011.frm
tp012.frm
tp013.frm
tp014.frm
tp015.frm
tp016.frm
tp017.frm
tp018.frm
tp019.frm
tp020.frm
tp021.frm
tp022.frm
tp023.frm
tp024.frm
tp025.frm
tp026.frm
tp027.frm
tp028.frm
tp029.frm
tp030.frm
tp031.frm
tp032.frm
tp033.frm
tp034.frm
tp035.frm
tp036.frm
tp037.frm
tp038.frm
tp039.frm
tp040.frm
tp041.frm
tp042.frm
tp043.frm
tp044.frm
tp045.frm
tp046.frm
tp047.frm
tp048.frm
tp049.frm
tp050.frm
tp051.frm
tp052.frm
tp053.frm
tp054.frm
tp055.frm
tp056.frm
tp057.frm
tp058.frm
tp059.frm
tp060.frm
tp061.frm
tp062.frm
tp063.frm
tp064.frm
tp065.frm
tp066.frm
tp067.frm
tp068.frm
tp069.frm
tp070.frm
tp071.frm
tp072.frm
tp073.frm
tp074.frm
tp075.frm
tp076.frm
tp077.frm
tp078.frm
tp079.frm
tp080.frm
tp081.frm
tp082.frm
tp083.frm
tp084.frm
tp085.frm
tp086.frm
tp087.frm
tp088.frm
tp089.frm
tp090.frm
tp091.frm
tp092.frm
tp093.frm
tp094.frm
tp095.frm
tp096.frm
tp097.frm
tp098.frm
tp099.frm
tp100.frm
tp101.frm
tp102.frm
tp103.frm
tp104.frm
tp105.frm
tp106.frm
tp107.frm
tp108.frm
tp109.frm
tp110.frm
tp111.frm
tp112.frm
tp113.frm
tp114.frm
tp115.frm
tp116.frm
tp117.frm
tp118.frm
tp119.frm
tp120.frm
tp121.frm
tp122.frm
tp123.frm
tp124.frm
tp125.frm
tp126.frm
tp127.frm
tp128.frm
tp129.frm
tp130.frm
tp131.frm
tp132.frm
tp133.frm
tp134.frm
tp135.frm
tp136.frm
tp137.frm
tp138.frm
tp139.frm
tp140.frm
tp141.frm
tp142.frm
tp143.frm
tp144.frm
tp145.frm
tp146.frm
tp147.frm
tp148.frm
tp149.frm
tp150.frm
tp151.frm
tp152.frm
tp153.frm
tp154.frm
tp155.frm
tp156.frm
tp157.frm
tp158.frm
tp159.frm
tp160.frm
tp161.frm
tp162.frm
tp163.frm
tp164.frm
tp165.frm
tp166.frm
tp167.frm
tp168.frm
tp169.frm
tp170.frm
tp171.frm
tp172.frm
tp173.frm
tp174.frm
tp175.frm
tp176.frm
tp177.frm
tp178.frm
tp179.frm
tp180.frm
tp181.frm
tp182.frm
tp183.frm
tp184.frm
tp185.frm
tp186.frm
tp187.frm
tp188.frm
tp189.frm
tp190.frm   
bld1000.frm 
bld1001.frm 
bld1002.frm 
bld1003.frm 
bld1004.frm 
bld1005.frm 
bld1006.frm 
bld1007.frm 
bld1008.frm 
bld1009.frm 
bld1010.frm 
bld1011.frm 
bld1012.frm 
bld1013.frm 
bld1014.frm 
bld1015.frm 
bld1016.frm 
bld1017.frm 
bld1018.frm 
bld1019.frm 
bld1020.frm 
bld1021.frm 
bld1022.frm 
bld1023.frm 
bld1024.frm 
bld1025.frm 
bld1026.frm 
bld1027.frm 
bld1028.frm 
bld1029.frm 
bld1030.frm 
bld1031.frm 
bld1032.frm 
bld1033.frm 
bld1034.frm 
bld1035.frm 
bld1036.frm 
bld1037.frm 
bld1038.frm 
bld1039.frm 
bld1040.frm 
bld1041.frm 
bld1042.frm 
bld1043.frm 
bld1044.frm 
bld1045.frm 
bld1046.frm 
bld1047.frm 
bld1048.frm 
bld1049.frm 
bld1050.frm 
bld1051.frm 
bld1052.frm 
bld1053.frm 
bld1054.frm 
bld1055.frm 
bld1056.frm 
bld1057.frm 
bld1058.frm 
bld1059.frm 
bld1060.frm 
bld1061.frm 
bld1062.frm 
bld1063.frm 
bld1064.frm 
bld1065.frm 
bld1066.frm 
bld1067.frm 
bld1068.frm 
bld1069.frm 
bld1070.frm 
bld1071.frm 
bld1072.frm 
bld1073.frm 
bld1074.frm 
bld1075.frm 
bld1076.frm 
bld1077.frm 
bld1078.frm 
bld1079.frm 
bld1080.frm 
bld1081.frm 
bld1082.frm 
bld1083.frm 
bld1084.frm 
bld1085.frm 
bld1086.frm 
bld1087.frm 
bld1088.frm 
bld1089.frm 
bld1090.frm 
bld1091.frm 
bld1092.frm 
bld1093.frm 
bld1094.frm 
bld1095.frm 
bld1096.frm 
bld1097.frm 
bld1098.frm 
bld1099.frm 
bld1100.frm 
bld1101.frm 
bld1102.frm 
bld1103.frm 
bld1104.frm 
bld1105.frm 
bld1106.frm 
bld1107.frm 
bld2000.frm 
bld2001.frm 
bld2002.frm 
bld2003.frm 
bld2004.frm 
bld2005.frm 
bld2006.frm 
bld2007.frm 
bld2008.frm 
bld2009.frm 
bld2010.frm 
bld2011.frm 
bld2012.frm 
bld2013.frm 
bld2014.frm 
bld2015.frm 
bld2016.frm 
bld2017.frm 
bld2018.frm 
bld2019.frm 
bld2020.frm 
bld2021.frm 
bld2022.frm 
bld2023.frm 
bld2024.frm 
bld2025.frm 
bld2026.frm 
bld2027.frm 
bld2028.frm 
bld2029.frm 
bld2030.frm 
bld2031.frm 
bld2032.frm 
bld2033.frm 
bld2034.frm 
bld2035.frm 
bld2036.frm 
bld2037.frm 
bld2038.frm 
bld2039.frm 
bld2040.frm 
bld2041.frm 
bld2042.frm 
bld2043.frm 
cabrik01.frm
towr01.frm  
towr02.frm  
towr03.frm  
towr04.frm  
towr05.frm  
towr06.frm  
towr07.frm  
towr08.frm  
towr09.frm  
towr10.frm  
towr11.frm  
towr12.frm  
towr13.frm  
towr14.frm  
towr15.frm  
towr16.frm  
towr17.frm  
towr18.frm  
adb001.frm  
adb002.frm  
adb003.frm  
adb004.frm  
adb005.frm  
adb006.frm  
adb007.frm  
adb008.frm  
adb009.frm  
adb010.frm  
adb011.frm  
adb012.frm  
adb013.frm  
adb014.frm  
adb015.frm  
adb016.frm  
adb017.frm  
adb018.frm  
adb019.frm  
adb020.frm  
adb021.frm  
adb022.frm  
adb023.frm  
adb024.frm  
adb025.frm  
adb026.frm  
adb027.frm  
adb028.frm  
adb029.frm  
adb030.frm  
adb031.frm  
adb032.frm  
adb033.frm  
adb034.frm  
adb035.frm  
adb036.frm
gar2000.frm 
gar2001.frm 
gar2002.frm 
gar2003.frm 
gar2004.frm
yrf1000.frm 
yrf1001.frm 
yrf1002.frm 
yrf1003.frm 
yrf1004.frm 
yrf1005.frm 
yrf1006.frm 
yrf1007.frm 
yrf1008.frm 
yrf1009.frm 
yrf1010.frm 
yrf1011.frm 
yrf1012.frm 
yrf1013.frm 
yrf1014.frm 
yrf1015.frm 
yrf1016.frm 
yrf1017.frm 
yrf1018.frm 
yrf1019.frm 
yrf1020.frm 
yrf1021.frm 
yrf1022.frm 
yrf1023.frm 
yrf1024.frm 
yrf1025.frm 
yrf1026.frm 
yrf1027.frm 
yrf2007.frm 
yrf2012.frm 
yrf2017.frm 
yrf2018.frm 
yrf2023.frm 
yrf2024.frm 
yrf2025.frm 
yrf2026.frm 
yrf2027.frm
saus000.frm 
saus001.frm 
saus002.frm 
saus003.frm 
saus004.frm 
saus005.frm 
saus006.frm 
saus007.frm 
saus008.frm 
saus009.frm 
saus010.frm 
saus011.frm 
saus012.frm 
saus013.frm 
saus014.frm 
saus015.frm 
saus016.frm 
saus017.frm 
saus018.frm 
saus019.frm 
saus020.frm 
saus021.frm 
saus022.frm 
saus023.frm 
saus024.frm 
saus025.frm 
saus026.frm 
saus027.frm 
saus028.frm 
saus029.frm 
saus030.frm 
saus031.frm 
saus032.frm 
saus033.frm 
saus034.frm 
saus035.frm 
saus036.frm 
saus037.frm 
saus038.frm 
saus039.frm 
saus040.frm 
saus041.frm 
saus042.frm 
saus043.frm 
saus044.frm 
shore01.frm 
shore02.frm 
shore03.frm 
shore04.frm 
shore05.frm 
shore06.frm 
shore07.frm 
shore08.frm 
shore09.frm 
shore10.frm 
grof000.frm 
grof001.frm 
grof002.frm 
grof003.frm 
grof004.frm 
grof005.frm 
grof006.frm 
grof007.frm 
grof008.frm 
grof009.frm 
grof010.frm 
grof011.frm 
grof012.frm 
grof013.frm 
grof014.frm 
grof015.frm 
grof016.frm 
grof017.frm 
grof018.frm 
grof019.frm 
grof020.frm 
grof021.frm 
grof022.frm 
grof023.frm 
grof024.frm 
grof025.frm 
grof026.frm 
grof027.frm 
grof028.frm 
grof029.frm 
grof030.frm 
grof031.frm 
grof032.frm 
grof033.frm 
grof034.frm 
grof035.frm 
grof036.frm 
grof037.frm 
grof038.frm 
grof039.frm 
grof040.frm 
grof041.frm 
grof042.frm 
grof043.frm 
grof044.frm 
grof045.frm 
grof046.frm 
grof047.frm 
grof048.frm 
grof049.frm 
grof050.frm 
grof051.frm 
grof052.frm 
grof053.frm 
grof054.frm 
grof055.frm 
grof056.frm 
grof057.frm 
grof058.frm 
grof059.frm 
grof060.frm 
grof061.frm 
grof062.frm 
grof063.frm 
grof064.frm 
grof065.frm 
grof066.frm 
grof067.frm 
grof068.frm 
grof069.frm 
grof070.frm 
grof071.frm 
grof072.frm 
grof073.frm 
grof074.frm 
grof075.frm 
grof076.frm 
grof077.frm 
grof078.frm 
grof079.frm 
grof080.frm 
grof081.frm 
grof082.frm 
grof083.frm 
grof084.frm 
grof085.frm 
grof086.frm 
grof087.frm 
grof088.frm 
grof089.frm 
grof090.frm 
grof091.frm 
grof092.frm 
grof093.frm 
grof094.frm 
grof095.frm 
grof096.frm 
grof097.frm 
grof098.frm 
grof099.frm 
grof100.frm 
grof101.frm 
mbrf000.frm 
mbrf001.frm 
mbrf002.frm 
mbrf003.frm 
mbrf004.frm 
mbrf005.frm 
mbrf006.frm 
mbrf007.frm 
mbrf008.frm 
mbrf009.frm 
mbrf010.frm 
mbrf011.frm 
mbrf012.frm 
mbrf013.frm 
mbrf014.frm 
mbrf015.frm 
mbrf016.frm 
mbrf017.frm 
mbrf018.frm 
mbrf019.frm 
mbrf020.frm 
mbrf021.frm 
mbrf022.frm 
mbrf023.frm 
mbrf024.frm 
mbrf025.frm 
mbrf026.frm 
mbrf027.frm 
mbrf028.frm 
mbrf029.frm 
mbrf030.frm 
mbrf031.frm 
mbrf032.frm 
mbrf033.frm 
mbrf034.frm 
mbrf035.frm 
mbrf036.frm 
mbrf037.frm 
mbrf038.frm 
mbrf039.frm 
mbrf040.frm 
mbrf041.frm 
mbrf042.frm 
mbrf043.frm 
mbrf044.frm 
mbrf045.frm 
mbrf046.frm 
mbrf047.frm 
mbrf048.frm 
mbrf049.frm 
mbrf050.frm 
mbrf051.frm 
mbrf052.frm 
mbrf053.frm 
mbrf054.frm 
mbrf055.frm 
mbrf056.frm 
mbrf057.frm 
mbrf058.frm 
mbrf059.frm 
mbrf060.frm 
mbrf061.frm 
mbrf062.frm 
mbrf063.frm 
mbrf064.frm 
mbrf065.frm 
mbrf066.frm 
mbrf067.frm 
mbrf068.frm 
mbrf069.frm 
mbrf070.frm 
mbrf071.frm 
mbrf072.frm 
mbrf073.frm 
mbrf074.frm 
mbrf075.frm 
mbrf076.frm 
mbrf077.frm 
mbrf078.frm 
mbrf079.frm 
mbrf080.frm 
mbrf081.frm 
mbrf082.frm 
mbrf083.frm 
mbrf084.frm 
mbrf085.frm 
mbrf086.frm 
mbrf087.frm 
mbrf088.frm 
mbrf089.frm 
mbrf090.frm 
mbrf091.frm 
mbrf092.frm 
mbrf093.frm 
mbrf094.frm 
mbrf095.frm 
mbrf096.frm 
mbrf097.frm 
mbrf098.frm 
mbrf099.frm 
mbrf100.frm 
mbrf101.frm 
mbrf102.frm 
mbrf103.frm 
mbrf104.frm 
mbrf105.frm 
mbrf106.frm 
mbrf107.frm 
mbrf108.frm 
mbrf109.frm 
mbrf110.frm 
mbrf111.frm 
mbrf112.frm 
mbrf113.frm 
mbrf114.frm 
mbrf115.frm 
mbrf116.frm 
mbrf117.frm 
mbrf118.frm 
mbrf119.frm 
mbrf120.frm 
mbrf121.frm 
mbrf122.frm 
mbrf123.frm 
mbrf124.frm 
mbrf125.frm 
ment000.frm 
ment001.frm 
ment002.frm 
ment003.frm 
ment004.frm 
ment005.frm 
ment006.frm 
ment007.frm 
ment008.frm 
ment009.frm 
ment010.frm 
ment011.frm 
ment012.frm 
slime00.frm 
slime01.frm 
slime02.frm 
slime03.frm 
slime04.frm 
slime05.frm 
slime06.frm 
slime07.frm 
slime08.frm 
slime09.frm 
slime10.frm 
slime11.frm 
slime12.frm 
slime13.frm 
slime14.frm 
slime15.frm 
slime16.frm 
slime17.frm 
slime18.frm 
slime19.frm 
slime20.frm 
slime21.frm 
slime22.frm 
slime23.frm 
slime24.frm 
slime25.frm 
slime26.frm 
slime27.frm 
wroof01.frm 
wroof02.frm 
wroof03.frm 
wroof04.frm 
wroof05.frm 
wroof06.frm 
wroof07.frm 
wroof08.frm 
wroof09.frm 
wroof10.frm 
wroof11.frm 
wroof12.frm 
wroof13.frm 
wroof14.frm 
wroof15.frm 
hola000.frm 
hola001.frm 
hola002.frm 
hola003.frm 
hola004.frm 
hola005.frm 
hola006.frm 
hola007.frm 
hola008.frm 
hola009.frm 
hola010.frm 
hola011.frm 
hola012.frm 
hola013.frm 
hola014.frm 
hola015.frm 
hola016.frm 
hola017.frm 
hola018.frm 
hola019.frm 
hola020.frm 
hola021.frm 
hola022.frm 
hola023.frm 
hola024.frm 
hola025.frm 
hola026.frm 
hola027.frm 
hola028.frm 
hola029.frm 
hola030.frm 
hola031.frm 
hola032.frm 
hola033.frm 
hola034.frm 
hola035.frm 
hola036.frm 
hola037.frm 
hola038.frm 
hola039.frm 
hola040.frm 
hola041.frm 
hola042.frm 
hola043.frm 
hola044.frm 
hola045.frm 
hola046.frm 
hola047.frm 
hola048.frm 
hola049.frm 
hola050.frm 
hola051.frm 
hola052.frm 
hola053.frm 
hola054.frm 
hola055.frm 
hola056.frm 
hola057.frm 
hola058.frm 
hola059.frm 
hola060.frm 
hola061.frm 
hola062.frm 
hola063.frm 
hola064.frm 
hola065.frm 
hola066.frm 
hola067.frm 
hola068.frm 
hola069.frm 
hola070.frm 
hola071.frm 
hola072.frm 
hola073.frm 
hola074.frm 
hola075.frm 
hola076.frm 
hola077.frm 
hola078.frm 
hola079.frm 
hola080.frm 
hola081.frm 
hola082.frm 
hola083.frm 
hola084.frm 
hola085.frm 
hola086.frm 
hola087.frm 
hola088.frm 
hola089.frm 
hola090.frm 
hola091.frm 
hola092.frm 
hola093.frm 
hola094.frm 
hola095.frm 
hola096.frm 
hola097.frm 
hola098.frm 
hola099.frm 
hola100.frm 
hola101.frm 
hola102.frm 
hola103.frm 
hola104.frm 
hola105.frm 
hola106.frm 
hola107.frm 
hola108.frm 
hola109.frm 
hola110.frm 
hola111.frm 
hola112.frm 
hola113.frm 
hola114.frm 
hola115.frm 
hola116.frm 
hola117.frm 
hola118.frm 
hola119.frm 
hola120.frm 
hola121.frm 
hola122.frm 
hola123.frm 
hola124.frm 
hola125.frm 
hola126.frm 
hola127.frm 
hola128.frm 
hola129.frm 
hola130.frm 
hola131.frm 
holb000.frm 
holb001.frm 
holb002.frm 
holb003.frm 
holb004.frm 
holb005.frm 
holb006.frm 
holb007.frm 
holb008.frm 
holb009.frm 
holb010.frm 
holb011.frm 
holb012.frm 
holb013.frm 
holb014.frm 
holb015.frm 
holb016.frm 
holb017.frm 
holb018.frm 
holb019.frm 
holb020.frm 
holb021.frm 
holb022.frm 
holb023.frm 
holb024.frm 
holb025.frm 
holb026.frm 
holb027.frm 
holb028.frm 
holb029.frm 
holb030.frm 
holb031.frm 
holb032.frm 
holb033.frm 
holb034.frm 
holb035.frm 
holb036.frm 
holb037.frm 
holb038.frm 
holb039.frm 
holb040.frm 
holb041.frm 
holb042.frm 
holb043.frm 
holb044.frm 
holb045.frm 
holb046.frm 
holb047.frm 
holb048.frm 
holb049.frm 
holb050.frm 
holb051.frm 
holb052.frm 
holb053.frm 
holb054.frm 
holb055.frm 
holb056.frm 
holb057.frm 
holb058.frm 
holb059.frm 
holb060.frm 
holb061.frm 
holb062.frm 
holb063.frm 
holb064.frm 
holb065.frm 
holb066.frm 
holb067.frm 
holb068.frm 
holb069.frm 
holb070.frm 
holb071.frm 
holb072.frm 
holb073.frm 
holb074.frm 
holb075.frm 
holb076.frm 
holb077.frm 
holb078.frm 
holb079.frm 
holb080.frm 
holb081.frm 
holb082.frm 
holb083.frm 
holb084.frm 
holb085.frm 
holb086.frm 
holb087.frm 
holb088.frm 
holb089.frm 
holb090.frm 
holb091.frm 
holb092.frm 
holb093.frm 
holc000.frm 
holc001.frm 
holc002.frm 
holc003.frm 
holc004.frm 
holc005.frm 
holc006.frm 
holc007.frm 
holc008.frm 
holc009.frm 
holc010.frm 
holc011.frm 
holc012.frm 
holc013.frm 
holc014.frm 
holc015.frm 
holc016.frm 
holc017.frm 
holc018.frm 
holc019.frm 
holc020.frm 
holc021.frm 
holc022.frm 
holc023.frm 
holc024.frm 
holc025.frm 
holc026.frm 
holc027.frm 
holc028.frm 
holc029.frm 
holc030.frm 
holc031.frm 
holc032.frm 
holc033.frm 
holc034.frm 
holc035.frm 
holc036.frm 
holc037.frm 
holc038.frm 
holc039.frm 
holc040.frm 
holc041.frm 
holc042.frm 
holc043.frm 
holc044.frm 
holc045.frm 
holc046.frm 
holc047.frm 
holc048.frm 
holc049.frm 
holc050.frm 
holc051.frm 
holc052.frm 
aft1000.frm 
aft1001.frm 
aft1002.frm 
aft1003.frm 
aft1004.frm 
aft1005.frm 
aft1006.frm 
aft1007.frm 
aft1008.frm 
aft1009.frm 
aft1010.frm 
aft1011.frm 
aft1012.frm 
aft1013.frm 
aft1014.frm 
jrt1000.frm 
jrt1001.frm 
jrt1002.frm 
jrt2000.frm 
jrt2001.frm 
jrt2002.frm 
crta000.frm 
crta001.frm 
crta002.frm 
crta003.frm 
crta004.frm 
crta005.frm 
crta006.frm 
crta007.frm 
crta008.frm 
crta009.frm 
crta010.frm 
crta011.frm 
crta012.frm 
crta013.frm 
crta014.frm 
crta015.frm 
crta016.frm 
crta017.frm 
crta018.frm 
crtb000.frm 
crtb001.frm 
crtb002.frm 
crtb003.frm 
crtb004.frm 
crtb005.frm 
crtb006.frm 
crtb007.frm 
crtb008.frm 
crtb009.frm 
foot000.frm 
foot001.frm 
foot002.frm 
foot003.frm 
foot004.frm 
foot005.frm 
foot006.frm 
foot007.frm 
foot008.frm 
foot009.frm 
foot010.frm 
foot011.frm 
foot012.frm 
foot013.frm 
foot014.frm 
foot015.frm 
foot016.frm 
foot017.frm 
foot018.frm 
foot019.frm 
foot020.frm 
foot021.frm 
foot022.frm 
foot023.frm 
foot024.frm 
foot025.frm 
foot026.frm 
foot027.frm 
foot028.frm 
foot029.frm 
foot030.frm 
foot031.frm 
foot032.frm 
tank000.frm 
tank001.frm 
tank002.frm 
tank003.frm 
tank004.frm 
tank005.frm 
tank006.frm 
tank007.frm 
tank008.frm 
tank009.frm 
tank010.frm 
tank011.frm 
tank012.frm 
tank013.frm 
tank014.frm 
tank015.frm 
tank016.frm 
tank017.frm 
tank018.frm 
tank019.frm 
tank020.frm 
tank021.frm 
tank022.frm 
tank023.frm 
tank024.frm 
tank025.frm 
tank026.frm 
tank027.frm 
tank028.frm 
tank029.frm 
tank030.frm 
tank031.frm 
tank032.frm 
tank033.frm 
tank034.frm 
tank035.frm 
tank036.frm 
tank037.frm 
tank038.frm 
tank039.frm 
tank040.frm 
tank041.frm 
mbrf201.frm 
mbrf202.frm 
mbrf203.frm 
mnta000.frm 
mnta001.frm 
mnta002.frm 
mnta003.frm 
mnta004.frm 
mnta005.frm 
mnta006.frm 
mnta007.frm 
mnta008.frm 
mnta009.frm 
mnta010.frm 
mnta011.frm 
mnta012.frm 
mnta013.frm 
mnta014.frm 
mnta015.frm 
mnta016.frm 
mnta017.frm 
mnta018.frm 
mnta019.frm 
mnta020.frm 
mnta021.frm 
mnta022.frm 
mnta023.frm 
mntb000.frm 
mntb001.frm 
mntb002.frm 
mntb003.frm 
mntb004.frm 
mntb005.frm 
mntb006.frm 
mntb007.frm 
mntb008.frm 
mntb009.frm 
mntb010.frm 
mntb011.frm 
mntb012.frm 
mntb013.frm 
mntb014.frm 
mntb015.frm 
mntb016.frm 
mntb017.frm 
mntb018.frm 
mntb019.frm 
mntb020.frm 
mntb021.frm 
mntb022.frm 
mntb023.frm 
mntb024.frm 
mntb025.frm 
mntb026.frm 
mntc000.frm 
mntc001.frm 
mntc002.frm 
mntc003.frm 
mntc004.frm 
mntc005.frm 
mntc006.frm 
mntc007.frm 
mntc008.frm 
mntc009.frm 
mntc010.frm 
mntc011.frm 
mntc012.frm 
mntc013.frm 
mntc014.frm 
mntc015.frm 
mntc016.frm 
mntc017.frm 
mntc018.frm 
mntd000.frm 
mntd001.frm 
mntd002.frm 
mntd003.frm 
mntd004.frm 
mntd005.frm 
mntd006.frm 
mntd007.frm 
mntd008.frm 
mntd009.frm 
mntd010.frm 
mntd011.frm 
mntd012.frm 
mntd013.frm 
mntd014.frm 
mntd015.frm 
mntd016.frm 
mntd017.frm 
mntd018.frm 
mntd019.frm 
mntd020.frm 
mntd021.frm 
mntd022.frm 
mntd023.frm 
mntd024.frm 
mntd025.frm 
mntd026.frm 
mntd027.frm 
mntd028.frm 
mntd029.frm 
mntd030.frm 
mntd031.frm 
mntd032.frm 
mntd033.frm 
mntd034.frm 
mntd035.frm 
mntd036.frm 
mntd037.frm 
cavrof01.frm
cavrof02.frm
cavrof03.frm
cavrof04.frm
cavrof05.frm
cavrof06.frm
cavrof07.frm
cavrof08.frm
mstrflr1.frm
mstrflr2.frm
ARFL001.FRM
ARFL002.FRM
ARFL003.FRM
ARFL004.FRM
ARFL005.FRM
ARFL006.FRM
ARFL007.FRM
ARFL008.FRM
ARFL009.FRM
ARFL010.FRM
ARRF000.FRM
ARRF001.FRM
ARRF002.FRM
ARRF003.FRM
ARRF004.FRM
ARRF005.FRM
ARRF006.FRM
ARRF007.FRM
ARRF008.FRM
ARRF009.FRM
ARRF010.FRM
ARRF011.FRM
ARRF012.FRM
ARRF013.FRM
ARRF014.FRM
ARRF015.FRM
ARRF016.FRM
ARRF017.FRM
ARRF018.FRM
ARRF019.FRM
ARRF020.FRM
ARRF021.FRM
ARRF022.FRM
ARRF023.FRM
ARRF024.FRM
ARRF025.FRM
ARRF026.FRM
ARRF027.FRM
ARRF028.FRM
ARRF029.FRM
ARRF030.FRM
ARRF031.FRM
ARRF032.FRM
ARRF033.FRM
ARRF034.FRM
ARRF035.FRM
ARRF036.FRM
ARRF037.FRM
ARRF038.FRM
ARRF039.FRM
ARRF040.FRM
brda000.frm
brda001.frm
brda002.frm
brda003.frm
brda004.frm
brda005.frm
brda006.frm
brda007.frm
brda008.frm
brda009.frm
brda010.frm
brda011.frm
brda012.frm
brda013.frm
brda014.frm
brda015.frm
brda016.frm
brda017.frm
brda018.frm
brda019.frm
brda020.frm
brda021.frm
brda022.frm
brda023.frm
brda024.frm
brda025.frm
brda026.frm
brda027.frm
brda028.frm
brda029.frm
brda030.frm
brda031.frm
brda032.frm
brda033.frm
brda034.frm
brda035.frm
brda036.frm
brda037.frm
brda038.frm
brda039.frm
brda040.frm
brda041.frm
brda042.frm
brda043.frm
brda044.frm
brda045.frm
brda046.frm
brda047.frm
brda048.frm
brda049.frm
brda050.frm
brda051.frm
brda052.frm
brda053.frm
brda054.frm
brda055.frm
brda056.frm
brda057.frm
brda058.frm
brda059.frm
brda060.frm
brda061.frm
brda062.frm
brda063.frm
brda064.frm
brda065.frm
brda066.frm
brda067.frm
brda068.frm
brda069.frm
brda070.frm
brda071.frm
brda072.frm
brda073.frm
brda074.frm
brda075.frm
brda076.frm
brdb000.frm
brdb001.frm
brdb002.frm
brdb003.frm
brdb004.frm
brdb005.frm
brdb006.frm
brdb007.frm
brdb008.frm
brdb009.frm
brdb010.frm
brdb011.frm
brdb012.frm
brdb013.frm
brdb014.frm
brdb015.frm
brdb016.frm
brdb017.frm
brdb018.frm
brdb019.frm
brdb020.frm
brdb021.frm
brdb022.frm
brdb023.frm
brdb024.frm
brdb025.frm
brdb026.frm
brdb027.frm
brdb028.frm
brdb029.frm
brdb030.frm
brdb031.frm
brdb032.frm
brdb033.frm
brdb034.frm
brdb035.frm
brdb036.frm
brdb037.frm
brdb038.frm
brdb039.frm
brdb040.frm
brdb041.frm
brdb042.frm
brdb043.frm
brdb044.frm
brdb045.frm
brdb046.frm
brdb047.frm
brdb048.frm
brdb049.frm
brdb050.frm
brdb051.frm
brdb052.frm
brdb053.frm
brdb054.frm
brdb055.frm
brdb056.frm
brdb057.frm
brdb058.frm
brdb059.frm
head000.frm
head001.frm
head002.frm
head003.frm
head004.frm
head005.frm
head006.frm
head007.frm
head008.frm
head009.frm
head010.frm
head011.frm
head012.frm
head013.frm
head014.frm
head015.frm
head016.frm
head017.frm
geka000.frm
geka001.frm
geka002.frm
geka003.frm
geka004.frm
geka005.frm
geka006.frm
geka007.frm
geka008.frm
geka009.frm
geka010.frm
geka011.frm
geka012.frm
geka013.frm
geka014.frm
geka015.frm
geka016.frm
geka017.frm
geka018.frm
geka019.frm
geka020.frm
geka021.frm
geka022.frm
geka023.frm
geka024.frm
geka025.frm
geka026.frm
geka027.frm
geka028.frm
geka029.frm
geka030.frm
geka031.frm
geka032.frm
geka033.frm
geka034.frm
geka035.frm
geka036.frm
geka037.frm
geka038.frm
geka039.frm
geka040.frm
geka041.frm
geka042.frm
geka043.frm
geka044.frm
geka045.frm
geka046.frm
geka047.frm
geka048.frm
geka049.frm
geka050.frm
geka051.frm
geka052.frm
geka053.frm
geka054.frm
geka055.frm
geka056.frm
geka057.frm
geka058.frm
geka059.frm
geka060.frm
geka061.frm
geka062.frm
geka063.frm
geka064.frm
CARPET01.FRM
CARPET02.FRM
CARPET03.FRM
CARPET04.FRM
CARPET05.FRM
CARPET06.FRM
CARPET07.FRM
CARPET08.FRM
CARPET09.FRM
CARPET10.FRM
CARPET11.FRM
CARPET12.FRM
CARPET13.FRM
CARPET14.FRM
CARPET15.FRM
CARPET16.FRM
CARPET17.FRM
CARPET18.FRM
CARPET19.FRM
CARPET20.FRM
CARPET21.FRM
CARPET22.FRM
CARPET23.FRM
CARPET24.FRM
CARPET25.FRM
CARPET26.FRM
CARPET27.FRM
CARPET28.FRM
CARPET29.FRM
CARPET30.FRM
CARPET31.FRM
CARPET32.FRM
CARPET33.FRM
CARPET34.FRM
CARPET35.FRM
CARPET36.FRM
chur000.frm
chur001.frm
chur002.frm
chur003.frm
chur004.frm
chur005.frm
chur006.frm
chur007.frm
chur008.frm
chur009.frm
chur010.frm
chur011.frm
chur012.frm
chur013.frm
chur014.frm
chur015.frm
chur016.frm
chur017.frm
chur018.frm
chur019.frm
chur020.frm
chur021.frm
chur022.frm
chur023.frm
chur024.frm
chur025.frm
chur026.frm
chur027.frm
chur028.frm
chur029.frm
chur030.frm
chur031.frm
chur032.frm
chur033.frm
chur034.frm
chur035.frm
chur036.frm
chur037.frm
chur038.frm
chur039.frm
chur040.frm
chur041.frm
chur042.frm
chur043.frm
chur044.frm
chur045.frm
chur046.frm
chur047.frm
chur048.frm
chur049.frm
chur050.frm
chur051.frm
chur052.frm
chur053.frm
chur054.frm
chur055.frm
chur056.frm
chur057.frm
chur058.frm
chur059.frm
chur060.frm
chur061.frm
chur062.frm
chur063.frm
chur064.frm
chur065.frm
chur066.frm
chur067.frm
chur068.frm
chur069.frm
chur070.frm
chur071.frm
chur072.frm
chur073.frm
chur074.frm
chur075.frm
chur076.frm
chur077.frm
chur078.frm
chur079.frm
chur080.frm
chur081.frm
chur082.frm
chur083.frm
chur084.frm
chur085.frm
chur086.frm
chur087.frm
chur088.frm
chur089.frm
chur090.frm
chur091.frm
chur092.frm
chur093.frm
chur094.frm
chur095.frm
chur096.frm
chur097.frm
chur098.frm
chur099.frm
gekb000.frm
gekb001.frm
gekb002.frm
gekb003.frm
gekb004.frm
gekb005.frm
gekb006.frm
gekb007.frm
gekb008.frm
gekb009.frm
gekb010.frm
gekb011.frm
gekb012.frm
gekb013.frm
gekb014.frm
gekb015.frm
gekb016.frm
gekb017.frm
gekb018.frm
gekb019.frm
gekb020.frm
gekb021.frm
gekb022.frm
gekb023.frm
gekb024.frm
gekb025.frm
gekb026.frm
gekb027.frm
gekb028.frm
gekb029.frm
gekb030.frm
gekb031.frm
gekb032.frm
gekb033.frm
gekb034.frm
gekb035.frm
gekb036.frm
gekb037.frm
gekb038.frm
gekb039.frm
gekb040.frm
gekb041.frm
gekb042.frm
gekb043.frm
gekb044.frm
gekb045.frm
gekb046.frm
gekb047.frm
gekb048.frm
gekb049.frm
gekb050.frm
gekb051.frm
gekb052.frm
gekb053.frm
gekb054.frm
gekb055.frm
gekb056.frm
gekb057.frm
gekb058.frm
gekb059.frm
gekb060.frm
gekb061.frm
gekb062.frm
gekb063.frm
gekb064.frm
MODA001.FRM
MODA002.FRM
MODA003.FRM
MODA004.FRM
MODA005.FRM
MODA006.FRM
MODA007.FRM
MODA008.FRM
MODA009.FRM
MODA010.FRM
MODA011.FRM
MODA012.FRM
MODA013.FRM
MODA014.FRM
MODA015.FRM
MODA016.FRM
MODA017.FRM
MODA018.FRM
MODA019.FRM
MODA020.FRM
MODA021.FRM
MODA022.FRM
MODA023.FRM
cav4015.FRM
cav4016.FRM
cav4017.FRM
cav4018.FRM
TPLA001.FRM
TPLA002.FRM
TPLA003.FRM
TPLA004.FRM
TPLA005.FRM
TPLA006.FRM
TPLA007.FRM
TPLA008.FRM
TPLA009.FRM
TPLA010.FRM
TPLA011.FRM
TPLA012.FRM
TPLA013.FRM
TPLA014.FRM
TPLA015.FRM
TPLA016.FRM
TPLA017.FRM
TPLA018.FRM
TPLA019.FRM
TPLA020.FRM
TPLA021.FRM
TPLA022.FRM
TPLA023.FRM
TPLA024.FRM
TPLA025.FRM
TPLA026.FRM
TPLA027.FRM
TPLA028.FRM
TPLA029.FRM
TPLA030.FRM
TPLA031.FRM
TPLA032.FRM
TPLA033.FRM
TPLA034.FRM
TPLA035.FRM
TPLA036.FRM
TPLA037.FRM
TPLA038.FRM
TPLA039.FRM
TPLA040.FRM
TPLA041.FRM
TPLA042.FRM
TPLA043.FRM
TPLA044.FRM
TPLA045.FRM
TPLA046.FRM
TPLA047.FRM
TPLA048.FRM
TPLA049.FRM
TPLA050.FRM
TPLA051.FRM
TPLA052.FRM
TPLA053.FRM
TPLA054.FRM
TPLA055.FRM
TPLA056.FRM
TPLA057.FRM
TPLA058.FRM
TPLA059.FRM
TPLA060.FRM
TPLA061.FRM
TPLA062.FRM
TPLA063.FRM
TPLA064.FRM
TPLA065.FRM
TPLA066.FRM
TPLA067.FRM
TPLB001.FRM
TPLB002.FRM
TPLB003.FRM
TPLB004.FRM
TPLB005.FRM
TPLB006.FRM
TPLB007.FRM
TPLB008.FRM
TPLB009.FRM
TPLB010.FRM
TPLB011.FRM
TPLB012.FRM
TPLB013.FRM
TPLB014.FRM
TPLB015.FRM
TPLB016.FRM
TPLB017.FRM
TPLB018.FRM
TPLB019.FRM
TPLB020.FRM
TPLB021.FRM
TPLB022.FRM
TPLB023.FRM
TPLB024.FRM
TPLB025.FRM
TPLB026.FRM
TPLB027.FRM
TPLB028.FRM
TPLB029.FRM
TPLB030.FRM
TPLB031.FRM
TPLB032.FRM
TPLB033.FRM
TPLB034.FRM
TPLB035.FRM
TPLB036.FRM
TPLB037.FRM
TPLB038.FRM
TPLB039.FRM
TPLB040.FRM
TPLB041.FRM
TPLB042.FRM
TPLB043.FRM
TPLB044.FRM
TPLB045.FRM
TPLB046.FRM
TPLB047.FRM
TPLB048.FRM
TPLB049.FRM
TPLB050.FRM
tepflr01.frm
tepflr02.frm
tepflr03.frm
tepflr04.frm
tepflr05.frm
cavb001.frm
cavb002.frm
cavb003.frm
cavb004.frm
cavb005.frm
cavb006.frm
cavb007.frm
cavb008.frm
cavb009.frm
cavb010.frm
cavb011.frm
cavb012.frm
cavb013.frm
cavb014.frm
cavb015.frm
cavb016.frm
cavb017.frm
cavb018.frm
cavb019.frm
BRICK20.FRM
BRICK21.FRM
BRICK22.FRM
BRICK23.FRM
BRICK24.FRM
BRICK25.FRM
BRICK26.FRM
BRICK27.FRM
BRICK28.FRM
BRICK29.FRM
BRICK30.FRM
BRICK31.FRM
BRICK32.FRM
brick33.frm
brick34.frm
TEPFLR06.FRM
TEPFLR07.FRM
TEPFLR08.FRM
TEPFLR09.FRM
TEPFLR10.FRM
TEPFLR11.FRM
TEPFLR12.FRM
TEPFLR13.FRM
TEPFLR14.FRM
TEPFLR15.FRM
TEPFLR16.FRM
TEPFLR17.FRM
TEPFLR18.FRM
grass01.frm
grass02.frm
levl001.frm
levl002.frm
levl003.frm
levl004.frm
levl005.frm
levl006.frm
levl007.frm
levl008.frm
levl009.frm
levl010.frm
levl011.frm
levl012.frm
levl013.frm
levl014.frm
levl015.frm
levl016.frm
levl017.frm
levl018.frm
levl019.frm
levl020.frm
levl021.frm
levl022.frm
levl023.frm
levl024.frm
levl025.frm
levl026.frm
levl027.frm
levl028.frm
levl029.frm
levl030.frm
levl031.frm
levl032.frm
levl033.frm
levl034.frm
levl035.frm
levl036.frm
levl037.frm
levl038.frm
levl039.frm
levl040.frm
levl041.frm
levl042.frm
levl043.frm
levl044.frm
levl045.frm
levl046.frm
levl047.frm
levl048.frm
levl049.frm
levl050.frm
levl051.frm
casa001.frm
casa002.frm
casa003.frm
casa004.frm
casa005.frm
casa006.frm
casa007.frm
casa008.frm
casa009.frm
casa010.frm
casa011.frm
casa012.frm
casa013.frm
casa014.frm
casa015.frm
casa016.frm
casa017.frm
levl052.frm
levl053.frm
levl054.frm
levl055.frm
levl056.frm
levl057.frm
casb001.frm
casb002.frm
casb003.frm
casb004.frm
casb005.frm
casb006.frm
casb007.frm
casb008.frm
casb009.frm
casb010.frm
casb011.frm
casb012.frm
casb013.frm
casb014.frm
casb015.frm
casb016.frm
casb017.frm
casb018.frm
casb019.frm
casb020.frm
casb021.frm
casb022.frm
casb023.frm
casb024.frm
encl01.frm
encl02.frm
encl03.frm
encl04.frm
encl05.frm
encl06.frm
encl07.frm
encl08.frm
encl09.frm
encl10.frm
encl11.frm
salbr01.frm
salbr02.frm
salbr03.frm
salbr04.frm
salbr05.frm
salbr06.frm
salbr07.frm
salbr08.frm
salbr09.frm
salbr10.frm
salbr11.frm
salbr12.frm
salbr13.frm
salbr14.frm
salbr15.frm
salbr16.frm
salbr17.frm
salbr18.frm
salbr19.frm
salbr20.frm
salbr21.frm
salbr22.frm
SHUT001.FRM
SHUT002.FRM
SHUT003.FRM
SHUT004.FRM
SHUT005.FRM
SHUT006.FRM
SHUT007.FRM
SHUT008.FRM
SHUT009.FRM
SHUT010.FRM
SHUT011.FRM
SHUT012.FRM
SHUT013.FRM
SHUT014.FRM
SHUT015.FRM
SHUT016.FRM
SHUT017.FRM
SHUT018.FRM
SHUT019.FRM
SHUT020.FRM
SHUT021.FRM
SHUT022.FRM
SHUT023.FRM
SHUT024.FRM
SHUT025.FRM
SHUT026.FRM
SHUT027.FRM
SHUT028.FRM
SHUT029.FRM
SHUT030.FRM
SHUT031.FRM
SHUT032.FRM
SHUT033.FRM
SHUT034.FRM
SHUT035.FRM
SHUT036.FRM
SHUT037.FRM
SHUT038.FRM
SHUT039.FRM
SHUT040.FRM
SHUT041.FRM
SHUT042.FRM
SHUT043.FRM
SHUT044.FRM
SHUT045.FRM
SHUT046.FRM
SHUT047.FRM
SHUT048.FRM
SHUT049.FRM
SHUT050.FRM
SHUT051.FRM
SHUT052.FRM
SHUT053.FRM
SHUT054.FRM
SHUT055.FRM
SHUT056.FRM
SHUT057.FRM
SHUT058.FRM
SHUT059.FRM
SHUT060.FRM
SHUT061.FRM
SHUT062.FRM
SHUT063.FRM
SHUT064.FRM
SHUT065.FRM
SHUT066.FRM
SHUT067.FRM
SHUT068.FRM
SHUT069.FRM
SHUT070.FRM
SHUT071.FRM
SHUT072.FRM
SHUT073.FRM
SHUT074.FRM
SHUT075.FRM
SHUT076.FRM
SHUT077.FRM
SHUT078.FRM
SHUT079.FRM
SHUT080.FRM
SHUT081.FRM
SHUT082.FRM
SHUT083.FRM
SHUT084.FRM
SHUT085.FRM
SHUT086.FRM
SHUT087.FRM
SHUT088.FRM
SHUT089.FRM
SHUT090.FRM
SHUT091.FRM
SHUT092.FRM
SHUT093.FRM
SHUT094.FRM
SHUT095.FRM
BRICK40.FRM
BRICK41.FRM
BRICK42.FRM
BRICK43.FRM
BRICK44.FRM
BRICK45.FRM
BRICK46.FRM
BRICK47.FRM
BRICK48.FRM
BRICK49.FRM
RUN_01.FRM
RUN_02.FRM
seas001.frm
seas002.frm
seas003.frm
seas004.frm
seas005.frm
seas006.frm
seas007.frm
seas008.frm
seas009.frm
seas010.frm
seas011.frm
seas012.frm
seas013.frm
seas014.frm
seas015.frm
seas016.frm
seas017.frm
seas018.frm
seas019.frm
VCRA001.FRM
VCRA002.FRM
VCRA003.FRM
VCRA004.FRM
VCRA005.FRM
VCRA006.FRM
VCRA007.FRM
VCRA008.FRM
VCRA009.FRM
VCRA010.FRM
VCRA011.FRM
VCRA012.FRM
VCRA013.FRM
VCRA014.FRM
VCRA015.FRM
VCRA016.FRM
VCRA017.FRM
VCRA018.FRM
VCRA019.FRM
VCRA020.FRM
VCRA021.FRM
VCRA022.FRM
VCRA023.FRM
VCRA024.FRM
VCRA025.FRM
VCRA026.FRM
VCRA027.FRM
VCRA028.FRM
VCRA029.FRM
VCRA030.FRM
VCRA031.FRM
VCRA032.FRM
VCRA033.FRM
VCRA034.FRM
VCRA035.FRM
VCRA036.FRM
VCRA037.FRM
VCRA038.FRM
VCRA039.FRM
VCRA040.FRM
VCRA041.FRM
VCRA042.FRM
VCRA043.FRM
VCRA044.FRM
VCRA045.FRM
VCRA046.FRM
VCRA047.FRM
VCRA048.FRM
VCRA049.FRM
VCRA050.FRM
VCRA051.FRM
VCRA052.FRM
VCRA053.FRM
VCRA054.FRM
VCRA055.FRM
VCRA056.FRM
VCRA057.FRM
VCRA058.FRM
VCRA059.FRM
VCRA060.FRM
VCRA061.FRM
VCRB001.FRM
VCRB002.FRM
VCRB003.FRM
VCRB004.FRM
VCRB005.FRM
VCRB006.FRM
VCRB007.FRM
VCRB008.FRM
VCRB009.FRM
VCRB010.FRM
VCRB011.FRM
VCRB012.FRM
VCRB013.FRM
VCRB014.FRM
VCRB015.FRM
VCRB016.FRM
VCRB017.FRM
VCRB018.FRM
VCRB019.FRM
VCRB020.FRM
VCRB021.FRM
VCRB022.FRM
VCRB023.FRM
VCRB024.FRM
VCRB025.FRM
VCRB026.FRM
VCRB027.FRM
VCRB028.FRM
VCRB029.FRM
VCRB030.FRM
VCRB031.FRM
VCRB032.FRM
VCRB033.FRM
VCRB034.FRM
VCRB035.FRM
VCRB036.FRM
VCRB037.FRM
VCRB038.FRM
VCRB039.FRM
VCRB040.FRM
VCRB041.FRM
VCRB042.FRM
VCRB043.FRM
VCRB044.FRM
VCRB045.FRM
VCRB046.FRM
VCRB047.FRM
VCRB048.FRM
VCRB049.FRM
VCRB050.FRM
VCRB051.FRM
VCRB052.FRM
VCRC001.FRM
VCRC002.FRM
VCRC003.FRM
VCRC004.FRM
VCRC005.FRM
VCRC006.FRM
VCRC007.FRM
VCRC008.FRM
VCRC009.FRM
VCRC010.FRM
VCRC011.FRM
VCRC012.FRM
VCRC013.FRM
VCRC014.FRM
VCRC015.FRM
VCRC016.FRM
VCRC017.FRM
VCRC018.FRM
VCRC019.FRM
VCRC020.FRM
VCRC021.FRM
VCRC022.FRM
VCRC023.FRM
VCRC024.FRM
VCRC025.FRM
VCRC026.FRM
VCRC027.FRM
VCRC028.FRM
VCRC029.FRM
VCRC030.FRM
VCRC031.FRM
VCRC032.FRM
VCRC033.FRM
VCRC034.FRM
VCRC035.FRM
VCRC036.FRM
VCRC037.FRM
VCRC038.FRM
VCRC039.FRM
VCRC040.FRM
VCRC041.FRM
VCRC042.FRM
VCRC043.FRM
VCRC044.FRM
VCRC045.FRM
VCRC046.FRM
VCRC047.FRM
VCRC048.FRM
VCRC049.FRM
VCRC050.FRM
VCRC051.FRM
VCRC052.FRM
VCRC053.FRM
VCRC054.FRM
VCRC055.FRM
VCRD001.FRM
VCRD002.FRM
VCRD003.FRM
VCRD004.FRM
VCRD005.FRM
VCRD006.FRM
VCRD007.FRM
VCRD008.FRM
VCRD009.FRM
VCRD010.FRM
VCRD011.FRM
VCRD012.FRM
VCRD013.FRM
VCRD014.FRM
VCRD015.FRM
VCRD016.FRM
VCRD017.FRM
VCRD018.FRM
VCRD019.FRM
VCRD020.FRM
VCRD021.FRM
VCRD022.FRM
VCRD023.FRM
VCRD024.FRM
VCRD025.FRM
VCRD026.FRM
VCRD027.FRM
VCRD028.FRM
VCRD029.FRM
VCRD030.FRM
VCRD031.FRM
VCRD032.FRM
VCRD033.FRM
VCRD034.FRM
VCRD035.FRM
VCRD036.FRM
VCRD037.FRM
VCRD038.FRM
VCRD039.FRM
VCRD040.FRM
VCRD041.FRM
VCRD042.FRM
VCRD043.FRM
VCRD044.FRM
VCRD045.FRM
VCRD046.FRM
VCRD047.FRM
VCRD048.FRM
shipflr1.frm
vrof001.frm
vrof002.frm
vrof003.frm
vrof004.frm
vrof005.frm
vrof006.frm
vrof007.frm
vrof008.frm
vrof009.frm
vrof010.frm
vrof011.frm
vrof012.frm
vrof013.frm
vrof014.frm
vrof015.frm
vrof016.frm
vrof017.frm
vrof018.frm
vrof019.frm
vrof020.frm
vrof021.frm
vrof022.frm
vrof023.frm
vrof024.frm
vrof025.frm
vrof026.frm
vrof027.frm
vrof028.frm
vrof029.frm
vrof030.frm
vrof031.frm
vrof032.frm
vrof033.frm
vrof034.frm
vrof035.frm
vrof036.frm
vrof037.frm
vrof038.frm
vrof039.frm
vrof040.frm
vrof041.frm
vrof042.frm
vrof043.frm
ROOFCNR.FRM
NAVA001.FRM
NAVA002.FRM
NAVA003.FRM
NAVA004.FRM
NAVA005.FRM
NAVA006.FRM
NAVA007.FRM
NAVA008.FRM
NAVA009.FRM
NAVA010.FRM
NAVA011.FRM
NAVA012.FRM
NAVA013.FRM
NAVA014.FRM
NAVA015.FRM
NAVA016.FRM
NAVA017.FRM
NAVA018.FRM
NAVA019.FRM
NAVA020.FRM
NAVA021.FRM
NAVA022.FRM
NAVA023.FRM
NAVA024.FRM
NAVA025.FRM
NAVA026.FRM
NAVA027.FRM
NAVA028.FRM
NAVA029.FRM
NAVA030.FRM
NAVA031.FRM
NAVA032.FRM
NAVA033.FRM
NAVA034.FRM
NAVA035.FRM
NAVA036.FRM
NAVA037.FRM
NAVA038.FRM
NAVA039.FRM
NAVA040.FRM
NAVA041.FRM
NAVA042.FRM
NAVA043.FRM
NAVA044.FRM
NAVA045.FRM
NAVA046.FRM
NAVA047.FRM
NAVA048.FRM
NAVA049.FRM
NAVA050.FRM
NAVA051.FRM
NAVA052.FRM
NAVA053.FRM
NAVA054.FRM
NAVA055.FRM
NAVA056.FRM
NAVA057.FRM
NAVA058.FRM
NAVA059.FRM
NAVA060.FRM
NAVA061.FRM
NAVA062.FRM
NAVA063.FRM
NAVA064.FRM
NAVA065.FRM
NAVA066.FRM
NAVA067.FRM
NAVA068.FRM
NAVA069.FRM
NAVA070.FRM
NAVA071.FRM
NAVA072.FRM
NAVA073.FRM
NAVA074.FRM
NAVA075.FRM
NAVA076.FRM
NAVA077.FRM
NAVA078.FRM
NAVA079.FRM
NAVA080.FRM
NAVA081.FRM
NAVA082.FRM
NAVA083.FRM
NAVA084.FRM
NAVA085.FRM
NAVA086.FRM
NAVA087.FRM
NAVA088.FRM
NAVA089.FRM
NAVA090.FRM
NAVA091.FRM
NAVA092.FRM
NAVA093.FRM
NAVA094.FRM
NAVA095.FRM
NAVA096.FRM
NAVA097.FRM
NAVA098.FRM
NAVA099.FRM
NAVA100.FRM
NAVA101.FRM
NAVA102.FRM
NAVA103.FRM
NAVA104.FRM
NAVA105.FRM
NAVA106.FRM
NAVA107.FRM
NAVA108.FRM
NAVA109.FRM
NAVA110.FRM
NAVA111.FRM
NAVA112.FRM
NAVA113.FRM
NAVA114.FRM
NAVA115.FRM
NAVA116.FRM
NAVA117.FRM
NAVA118.FRM
NAVA119.FRM
NAVA120.FRM
NAVA121.FRM
NAVA122.FRM
NAVA123.FRM
NAVA124.FRM
NAVA125.FRM
nava126.frm
NAVB001.FRM
NAVB002.FRM
NAVB003.FRM
NAVB004.FRM
NAVB005.FRM
NAVB006.FRM
NAVB007.FRM
NAVB008.FRM
NAVB009.FRM
NAVB010.FRM
NAVB011.FRM
NAVB012.FRM
NAVB013.FRM
NAVB014.FRM
NAVB015.FRM
NAVB016.FRM
NAVB017.FRM
NAVB018.FRM
NAVB019.FRM
NAVB020.FRM
NAVB021.FRM
NAVB022.FRM
NAVB023.FRM
NAVB024.FRM
NAVB025.FRM
NAVB026.FRM
NAVB027.FRM
NAVB028.FRM
NAVB029.FRM
NAVB030.FRM
NAVB031.FRM
NAVB032.FRM
NAVB033.FRM
NAVB034.FRM
NAVB035.FRM
NAVB036.FRM
NAVB037.FRM
NAVB038.FRM
NAVB039.FRM
NAVB040.FRM
NAVB041.FRM
NAVB042.FRM
NAVB043.FRM
NAVB044.FRM
NAVB045.FRM
NAVB046.FRM
NAVB047.FRM
NAVB048.FRM
NAVB049.FRM
NAVB050.FRM
NAVB051.FRM
NAVB052.FRM
NAVB053.FRM
NAVB054.FRM
NAVB055.FRM
NAVB056.FRM
navb057.frm
NAVC001.FRM
NAVC002.FRM
NAVC003.FRM
NAVC004.FRM
NAVC005.FRM
NAVC006.FRM
NAVC007.FRM
NAVC008.FRM
NAVC009.FRM
NAVC010.FRM
NAVC011.FRM
NAVC012.FRM
NAVC013.FRM
NAVC014.FRM
NAVC015.FRM
NAVC016.FRM
NAVC017.FRM
NAVC018.FRM
navc019.frm
NAVD001.FRM
NAVD002.FRM
NAVD003.FRM
NAVD004.FRM
NAVD005.FRM
NAVD006.FRM
NAVD007.FRM
NAVD008.FRM
NAVD009.FRM
NAVD010.FRM
NAVD011.FRM
NAVD012.FRM
NAVD013.FRM
NAVD014.FRM
NAVD015.FRM
NAVD016.FRM
NAVD017.FRM
NAVD018.FRM
NAVD019.FRM
NAVD020.FRM
NAVD021.FRM
NAVD022.FRM
NAVD023.FRM
NAVD024.FRM
NAVD025.FRM
NAVD026.FRM
NAVD027.FRM
NAVD028.FRM
NAVD029.FRM
NAVD030.FRM
NAVD031.FRM
NAVD032.FRM
NAVD033.FRM
NAVD034.FRM
NAVD035.FRM
NAVD036.FRM
NAVD037.FRM
NAVD038.FRM
NAVD039.FRM
NAVD040.FRM
NAVD041.FRM
navd042.frm
navd043.frm
enfl001.frm
enfl002.frm
enfl003.frm
enfl004.frm
enfl005.frm
enfl006.frm
enfl007.frm
enfl008.frm
enfl009.frm
enfl010.frm
enfl011.frm
enfl012.frm
enfl013.frm
enfl014.frm
enfl015.frm
enfl016.frm
enfl017.frm
enfl018.frm
enfl019.frm
enfl020.frm
enfl021.frm
enfl022.frm
enfl023.frm
enfl024.frm
enfl025.frm
enfl026.frm
enfl027.frm
enfl028.frm
enfl029.frm
enfl030.frm
enfl031.frm
enfl032.frm
enfl033.frm
enfl034.frm
enfl035.frm
enfl036.frm
enfl037.frm
enfl038.frm
enfl039.frm
enfl040.frm
enfl041.frm
enfl042.frm
enfl043.frm
enfl044.frm
enfl045.frm
enfl046.frm
enfl047.frm
enfl048.frm
CBLD1000.FRM
CBLD1001.FRM
CBLD1002.FRM
CBLD1003.FRM
CBLD1004.FRM
CBLD1005.FRM
CBLD1006.FRM
CBLD1007.FRM
CBLD1008.FRM
CBLD1009.FRM
CBLD1010.FRM
CBLD1011.FRM
CBLD1012.FRM
CBLD1013.FRM
CBLD1014.FRM
CBLD1015.FRM
CBLD1016.FRM
CBLD1017.FRM
CBLD1018.FRM
CBLD1019.FRM
CBLD1020.FRM
CBLD1021.FRM
CBLD1022.FRM
CBLD1023.FRM
CBLD1024.FRM
CBLD1025.FRM
CBLD1026.FRM
CBLD1027.FRM
CBLD1028.FRM
CBLD1029.FRM
CBLD1030.FRM
CBLD1031.FRM
CBLD1032.FRM
CBLD1033.FRM
CBLD1034.FRM
CBLD1035.FRM
CBLD1036.FRM
CBLD1037.FRM
CBLD1038.FRM
CBLD1039.FRM
CBLD1040.FRM
CBLD1041.FRM
CBLD1042.FRM
CBLD1043.FRM
CBLD1044.FRM
CBLD1045.FRM
CBLD1046.FRM
CBLD1047.FRM
CBLD1048.FRM
CBLD1049.FRM
CBLD1050.FRM
CBLD1051.FRM
CBLD1052.FRM
CBLD1053.FRM
CBLD1054.FRM
CBLD1055.FRM
CBLD1056.FRM
CBLD1057.FRM
CBLD1058.FRM
CBLD1059.FRM
CBLD1060.FRM
CBLD1061.FRM
CBLD1062.FRM
CBLD1063.FRM
CBLD1064.FRM
CBLD1065.FRM
CBLD1066.FRM
CBLD1067.FRM
CBLD1068.FRM
CBLD1069.FRM
CBLD1070.FRM
CBLD1071.FRM
CBLD1072.FRM
CBLD1073.FRM
CBLD1074.FRM
CBLD1075.FRM
CBLD1076.FRM
CBLD1077.FRM
CBLD1078.FRM
CBLD1079.FRM
CBLD1080.FRM
CBLD1081.FRM
CBLD1082.FRM
CBLD1083.FRM
CBLD1084.FRM
CBLD1085.FRM
CBLD1086.FRM
CBLD1087.FRM
CBLD1088.FRM
CBLD1089.FRM
CBLD1090.FRM
CBLD1091.FRM
CBLD1092.FRM
CBLD1093.FRM
CBLD1094.FRM
CBLD1095.FRM
CBLD1096.FRM
CBLD1097.FRM
CBLD1098.FRM
CBLD1099.FRM
CBLD1100.FRM
CBLD1101.FRM
CBLD1102.FRM
CBLD1103.FRM
CBLD1104.FRM
CBLD1105.FRM
CBLD1106.FRM
CBLD1107.FRM
CBLD2000.FRM
CBLD2001.FRM
CBLD2002.FRM
CBLD2003.FRM
CBLD2004.FRM
CBLD2005.FRM
CBLD2006.FRM
CBLD2007.FRM
CBLD2008.FRM
CBLD2009.FRM
CBLD2010.FRM
CBLD2011.FRM
CBLD2012.FRM
CBLD2013.FRM
CBLD2014.FRM
CBLD2015.FRM
CBLD2016.FRM
CBLD2017.FRM
CBLD2018.FRM
CBLD2019.FRM
CBLD2020.FRM
CBLD2021.FRM
CBLD2022.FRM
CBLD2023.FRM
CBLD2024.FRM
CBLD2025.FRM
CBLD2026.FRM
CBLD2027.FRM
CBLD2028.FRM
CBLD2029.FRM
CBLD2030.FRM
CBLD2031.FRM
CBLD2032.FRM
CBLD2033.FRM
CBLD2034.FRM
CBLD2035.FRM
CBLD2036.FRM
CBLD2037.FRM
CBLD2038.FRM
CBLD2039.FRM
CBLD2040.FRM
CBLD2041.FRM
CBLD2042.FRM
CBLD2043.FRM
silo1.fofrm
silo2.fofrm
silo3.fofrm
cara01.frm
cara02.frm
cara03.frm
cara04.frm
cav5001.frm
cav5002.frm
cav5003.frm
cav5004.frm
cav5005.frm
cav5006.frm
cav5007.frm
cav5008.frm
cav5009.frm
cav5010.frm
cav5011.frm
cav5012.frm
cav5013.frm
cav5014.frm
cav5015.frm
cav5016.frm
cav5017.frm
cav5018.frm
cav5019.frm
cav5020.frm
shor01.frm
shor02.frm
shor03.frm
shor04.frm
shor05.frm
shor06.frm
shor07.frm
shor08.frm
shor09.frm
shor10.frm
shor11.frm
shor12.frm
shor13.frm
shor14.frm
shor15.frm
shor16.frm
shor17.frm
shor18.frm
shor19.frm
shor20.frm
shor21.frm
shor22.frm
shor23.frm
shor24.frm
shor25.frm
shor26.frm
FoNadb001.frm
FoNadb002.frm
FoNadb003.frm
FoNadb004.frm
FoNadb005.frm
FoNadb006.frm
FoNadb007.frm
FoNadb008.frm
FoNadb009.frm
FoNadb010.frm
FoNadb011.frm
FoNadb012.frm
FoNadb013.frm
FoNadb014.frm
FoNadb015.frm
FoNadb016.frm
FoNadb017.frm
FoNadb018.frm
FoNadb019.frm
FoNadb020.frm
FoNadb021.frm
FoNadb022.frm
FoNadb023.frm
FoNadb024.frm
FoNadb025.frm
FoNadb026.frm
FoNadb027.frm
FoNadb028.frm
FoNadb029.frm
FoNadb030.frm
FoNadb031.frm
FoNadb032.frm
FoNadb033.frm
FoNadb034.frm
FoNadb035.frm
FoNadb036.frm
FoNaft1000.frm
FoNaft1001.frm
FoNaft1002.frm
FoNaft1003.frm
FoNaft1004.frm
FoNaft1005.frm
FoNaft1006.frm
FoNaft1007.frm
FoNaft1008.frm
FoNaft1009.frm
FoNaft1010.frm
FoNaft1011.frm
FoNaft1012.frm
FoNaft1013.frm
FoNaft1014.frm
FoNarfl001.frm
FoNarfl002.frm
FoNarfl003.frm
FoNarfl004.frm
FoNarfl005.frm
FoNarfl006.frm
FoNarfl007.frm
FoNarfl008.frm
FoNarfl009.frm
FoNarfl010.frm
FoNarrf000.frm
FoNarrf001.frm
FoNarrf002.frm
FoNarrf003.frm
FoNarrf004.frm
FoNarrf005.frm
FoNarrf006.frm
FoNarrf007.frm
FoNarrf008.frm
FoNarrf009.frm
FoNarrf010.frm
FoNarrf011.frm
FoNarrf012.frm
FoNarrf013.frm
FoNarrf014.frm
FoNarrf015.frm
FoNarrf016.frm
FoNarrf017.frm
FoNarrf018.frm
FoNarrf019.frm
FoNarrf020.frm
FoNarrf021.frm
FoNarrf022.frm
FoNarrf023.frm
FoNarrf024.frm
FoNarrf025.frm
FoNarrf026.frm
FoNarrf027.frm
FoNarrf028.frm
FoNarrf029.frm
FoNarrf030.frm
FoNarrf031.frm
FoNarrf032.frm
FoNarrf033.frm
FoNarrf034.frm
FoNarrf035.frm
FoNarrf036.frm
FoNarrf037.frm
FoNarrf038.frm
FoNarrf039.frm
FoNarrf040.frm
FoNbld1000.frm
FoNbld1001.frm
FoNbld1002.frm
FoNbld1003.frm
FoNbld1004.frm
FoNbld1005.frm
FoNbld1006.frm
FoNbld1007.frm
FoNbld1008.frm
FoNbld1009.frm
FoNbld1010.frm
FoNbld1011.frm
FoNbld1012.frm
FoNbld1013.frm
FoNbld1014.frm
FoNbld1015.frm
FoNbld1016.frm
FoNbld1017.frm
FoNbld1018.frm
FoNbld1019.frm
FoNbld1020.frm
FoNbld1021.frm
FoNbld1022.frm
FoNbld1023.frm
FoNbld1024.frm
FoNbld1025.frm
FoNbld1026.frm
FoNbld1027.frm
FoNbld1028.frm
FoNbld1029.frm
FoNbld1030.frm
FoNbld1031.frm
FoNbld1032.frm
FoNbld1033.frm
FoNbld1034.frm
FoNbld1035.frm
FoNbld1036.frm
FoNbld1037.frm
FoNbld1038.frm
FoNbld1039.frm
FoNbld1040.frm
FoNbld1041.frm
FoNbld1042.frm
FoNbld1043.frm
FoNbld1044.frm
FoNbld1045.frm
FoNbld1046.frm
FoNbld1047.frm
FoNbld1048.frm
FoNbld1049.frm
FoNbld1050.frm
FoNbld1051.frm
FoNbld1052.frm
FoNbld1053.frm
FoNbld1054.frm
FoNbld1055.frm
FoNbld1056.frm
FoNbld1057.frm
FoNbld1058.frm
FoNbld1059.frm
FoNbld1060.frm
FoNbld1061.frm
FoNbld1062.frm
FoNbld1063.frm
FoNbld1064.frm
FoNbld1065.frm
FoNbld1066.frm
FoNbld1067.frm
FoNbld1068.frm
FoNbld1069.frm
FoNbld1070.frm
FoNbld1071.frm
FoNbld1072.frm
FoNbld1073.frm
FoNbld1074.frm
FoNbld1075.frm
FoNbld1076.frm
FoNbld1077.frm
FoNbld1078.frm
FoNbld1079.frm
FoNbld1080.frm
FoNbld1081.frm
FoNbld1082.frm
FoNbld1083.frm
FoNbld1084.frm
FoNbld1085.frm
FoNbld1086.frm
FoNbld1087.frm
FoNbld1088.frm
FoNbld1089.frm
FoNbld1090.frm
FoNbld1091.frm
FoNbld1092.frm
FoNbld1093.frm
FoNbld1094.frm
FoNbld1095.frm
FoNbld1096.frm
FoNbld1097.frm
FoNbld1098.frm
FoNbld1099.frm
FoNbld1100.frm
FoNbld1101.frm
FoNbld1102.frm
FoNbld1103.frm
FoNbld1104.frm
FoNbld1105.frm
FoNbld1106.frm
FoNbld1107.frm
FoNbld2000.frm
FoNbld2001.frm
FoNbld2002.frm
FoNbld2003.frm
FoNbld2004.frm
FoNbld2005.frm
FoNbld2006.frm
FoNbld2007.frm
FoNbld2008.frm
FoNbld2009.frm
FoNbld2010.frm
FoNbld2011.frm
FoNbld2012.frm
FoNbld2013.frm
FoNbld2014.frm
FoNbld2015.frm
FoNbld2016.frm
FoNbld2017.frm
FoNbld2018.frm
FoNbld2019.frm
FoNbld2020.frm
FoNbld2021.frm
FoNbld2022.frm
FoNbld2023.frm
FoNbld2024.frm
FoNbld2025.frm
FoNbld2026.frm
FoNbld2027.frm
FoNbld2028.frm
FoNbld2029.frm
FoNbld2030.frm
FoNbld2031.frm
FoNbld2032.frm
FoNbld2033.frm
FoNbld2034.frm
FoNbld2035.frm
FoNbld2036.frm
FoNbld2037.frm
FoNbld2038.frm
FoNbld2039.frm
FoNbld2040.frm
FoNbld2041.frm
FoNbld2042.frm
FoNbld2043.frm
FoNbport001.frm
FoNbport002.frm
FoNbport003.frm
FoNbport004.frm
FoNbport005.frm
FoNbport006.frm
FoNbport007.frm
FoNbport008.frm
FoNbport009.frm
FoNbport010.frm
FoNbport011.frm
FoNbport012.frm
FoNbport013.frm
FoNbport014.frm
FoNbport015.frm
FoNbport016.frm
FoNbport017.frm
FoNbport018.frm
FoNbport019.frm
FoNbport020.frm
FoNbport021.frm
FoNbport022.frm
FoNbport023.frm
FoNbport024.frm
FoNbport025.frm
FoNbport026.frm
FoNbport027.frm
FoNbport028.frm
FoNbport029.frm
FoNbport030.frm
FoNbport031.frm
FoNbport032.frm
FoNbport033.frm
FoNbport034.frm
FoNbport035.frm
FoNbport036.frm
FoNbport037.frm
FoNbport038.frm
FoNbport039.frm
FoNbport040.frm
FoNbport041.frm
FoNbport042.frm
FoNbport043.frm
FoNbport044.frm
FoNbport045.frm
FoNbport046.frm
FoNbport047.frm
FoNbport048.frm
FoNbport049.frm
FoNbport050.frm
FoNbport051.frm
FoNbport052.frm
FoNbport053.frm
FoNbport054.frm
FoNbport055.frm
FoNbport056.frm
FoNbport057.frm
FoNbport058.frm
FoNbport059.frm
FoNbport060.frm
FoNbport061.frm
FoNbport062.frm
FoNbport063.frm
FoNbport064.frm
FoNbport065.frm
FoNbport066.frm
FoNbport067.frm
FoNbport068.frm
FoNbport069.frm
FoNbport070.frm
FoNbport071.frm
FoNbport072.frm
FoNbport073.frm
FoNbport074.frm
FoNbport075.frm
FoNbrda000.frm
FoNbrda001.frm
FoNbrda002.frm
FoNbrda003.frm
FoNbrda004.frm
FoNbrda005.frm
FoNbrda006.frm
FoNbrda007.frm
FoNbrda008.frm
FoNbrda009.frm
FoNbrda010.frm
FoNbrda011.frm
FoNbrda012.frm
FoNbrda013.frm
FoNbrda014.frm
FoNbrda015.frm
FoNbrda016.frm
FoNbrda017.frm
FoNbrda018.frm
FoNbrda019.frm
FoNbrda020.frm
FoNbrda021.frm
FoNbrda022.frm
FoNbrda023.frm
FoNbrda024.frm
FoNbrda025.frm
FoNbrda026.frm
FoNbrda027.frm
FoNbrda028.frm
FoNbrda029.frm
FoNbrda030.frm
FoNbrda031.frm
FoNbrda032.frm
FoNbrda033.frm
FoNbrda034.frm
FoNbrda035.frm
FoNbrda036.frm
FoNbrda037.frm
FoNbrda038.frm
FoNbrda039.frm
FoNbrda040.frm
FoNbrda041.frm
FoNbrda042.frm
FoNbrda043.frm
FoNbrda044.frm
FoNbrda045.frm
FoNbrda046.frm
FoNbrda047.frm
FoNbrda048.frm
FoNbrda049.frm
FoNbrda050.frm
FoNbrda051.frm
FoNbrda052.frm
FoNbrda053.frm
FoNbrda054.frm
FoNbrda055.frm
FoNbrda056.frm
FoNbrda057.frm
FoNbrda058.frm
FoNbrda059.frm
FoNbrda060.frm
FoNbrda061.frm
FoNbrda062.frm
FoNbrda063.frm
FoNbrda064.frm
FoNbrda065.frm
FoNbrda066.frm
FoNbrda067.frm
FoNbrda068.frm
FoNbrda069.frm
FoNbrda070.frm
FoNbrda071.frm
FoNbrda072.frm
FoNbrda073.frm
FoNbrda074.frm
FoNbrda075.frm
FoNbrda076.frm
FoNbrdb000.frm
FoNbrdb001.frm
FoNbrdb002.frm
FoNbrdb003.frm
FoNbrdb004.frm
FoNbrdb005.frm
FoNbrdb006.frm
FoNbrdb007.frm
FoNbrdb008.frm
FoNbrdb009.frm
FoNbrdb010.frm
FoNbrdb011.frm
FoNbrdb012.frm
FoNbrdb013.frm
FoNbrdb014.frm
FoNbrdb015.frm
FoNbrdb016.frm
FoNbrdb017.frm
FoNbrdb018.frm
FoNbrdb019.frm
FoNbrdb020.frm
FoNbrdb021.frm
FoNbrdb022.frm
FoNbrdb023.frm
FoNbrdb024.frm
FoNbrdb025.frm
FoNbrdb026.frm
FoNbrdb027.frm
FoNbrdb028.frm
FoNbrdb029.frm
FoNbrdb030.frm
FoNbrdb031.frm
FoNbrdb032.frm
FoNbrdb033.frm
FoNbrdb034.frm
FoNbrdb035.frm
FoNbrdb036.frm
FoNbrdb037.frm
FoNbrdb038.frm
FoNbrdb039.frm
FoNbrdb040.frm
FoNbrdb041.frm
FoNbrdb042.frm
FoNbrdb043.frm
FoNbrdb044.frm
FoNbrdb045.frm
FoNbrdb046.frm
FoNbrdb047.frm
FoNbrdb048.frm
FoNbrdb049.frm
FoNbrdb050.frm
FoNbrdb051.frm
FoNbrdb052.frm
FoNbrdb053.frm
FoNbrdb054.frm
FoNbrdb055.frm
FoNbrdb056.frm
FoNbrdb057.frm
FoNbrdb058.frm
FoNbrdb059.frm
FoNbrick01.frm
FoNbrick02.frm
FoNbrick03.frm
FoNbrick04.frm
FoNbrick05.frm
FoNbrick06.frm
FoNbrick07.frm
FoNbrick08.frm
FoNbrick09.frm
FoNbrick10.frm
FoNbrick11.frm
FoNbrick12.frm
FoNbrick13.frm
FoNbrick14.frm
FoNbrick15.frm
FoNbrick16.frm
FoNbrick20.frm
FoNbrick21.frm
FoNbrick22.frm
FoNbrick23.frm
FoNbrick24.frm
FoNbrick25.frm
FoNbrick26.frm
FoNbrick27.frm
FoNbrick28.frm
FoNbrick29.frm
FoNbrick30.frm
FoNbrick31.frm
FoNbrick32.frm
FoNbrick33.frm
FoNbrick34.frm
FoNbrick40.frm
FoNbrick41.frm
FoNbrick42.frm
FoNbrick43.frm
FoNbrick44.frm
FoNbrick45.frm
FoNbrick46.frm
FoNbrick47.frm
FoNbrick48.frm
FoNbrick49.frm
FoNbrn1000.frm
FoNbrn1001.frm
FoNcabrik01.frm
FoNcapb000.frm
FoNcarpet01.frm
FoNcarpet02.frm
FoNcarpet03.frm
FoNcarpet04.frm
FoNcarpet05.frm
FoNcarpet06.frm
FoNcarpet07.frm
FoNcarpet08.frm
FoNcarpet09.frm
FoNcarpet10.frm
FoNcarpet11.frm
FoNcarpet12.frm
FoNcarpet13.frm
FoNcarpet14.frm
FoNcarpet15.frm
FoNcarpet16.frm
FoNcarpet17.frm
FoNcarpet18.frm
FoNcarpet19.frm
FoNcarpet20.frm
FoNcarpet21.frm
FoNcarpet22.frm
FoNcarpet23.frm
FoNcarpet24.frm
FoNcarpet25.frm
FoNcarpet26.frm
FoNcarpet27.frm
FoNcarpet28.frm
FoNcarpet29.frm
FoNcarpet30.frm
FoNcarpet31.frm
FoNcarpet32.frm
FoNcarpet33.frm
FoNcarpet34.frm
FoNcarpet35.frm
FoNcarpet36.frm
FoNcasa001.frm
FoNcasa002.frm
FoNcasa003.frm
FoNcasa004.frm
FoNcasa005.frm
FoNcasa006.frm
FoNcasa007.frm
FoNcasa008.frm
FoNcasa009.frm
FoNcasa010.frm
FoNcasa011.frm
FoNcasa012.frm
FoNcasa013.frm
FoNcasa014.frm
FoNcasa015.frm
FoNcasa016.frm
FoNcasa017.frm
FoNcasb001.frm
FoNcasb002.frm
FoNcasb003.frm
FoNcasb004.frm
FoNcasb005.frm
FoNcasb006.frm
FoNcasb007.frm
FoNcasb008.frm
FoNcasb009.frm
FoNcasb010.frm
FoNcasb011.frm
FoNcasb012.frm
FoNcasb013.frm
FoNcasb014.frm
FoNcasb015.frm
FoNcasb016.frm
FoNcasb017.frm
FoNcasb018.frm
FoNcasb019.frm
FoNcasb020.frm
FoNcasb021.frm
FoNcasb022.frm
FoNcasb023.frm
FoNcasb024.frm
FoNcav1000.frm
FoNcav1001.frm
FoNcav1002.frm
FoNcav1003.frm
FoNcav1004.frm
FoNcav1005.frm
FoNcav1006.frm
FoNcav1007.frm
FoNcav1008.frm
FoNcav1009.frm
FoNcav2000.frm
FoNcav2001.frm
FoNcav2002.frm
FoNcav2003.frm
FoNcav3000.frm
FoNcav3001.frm
FoNcav3002.frm
FoNcav3003.frm
FoNcav3004.frm
FoNcav3005.frm
FoNcav4000.frm
FoNcav4001.frm
FoNcav4002.frm
FoNcav4003.frm
FoNcav4004.frm
FoNcav4005.frm
FoNcav4006.frm
FoNcav4007.frm
FoNcav4008.frm
FoNcav4009.frm
FoNcav4010.frm
FoNcav4011.frm
FoNcav4012.frm
FoNcav4013.frm
FoNcav4014.frm
FoNcav4015.frm
FoNcav4016.frm
FoNcav4017.frm
FoNcav4018.frm
FoNcavb001.frm
FoNcavb002.frm
FoNcavb003.frm
FoNcavb004.frm
FoNcavb005.frm
FoNcavb006.frm
FoNcavb007.frm
FoNcavb008.frm
FoNcavb009.frm
FoNcavb010.frm
FoNcavb011.frm
FoNcavb012.frm
FoNcavb013.frm
FoNcavb014.frm
FoNcavb015.frm
FoNcavb016.frm
FoNcavb017.frm
FoNcavb018.frm
FoNcavb019.frm
FoNcavrof01.frm
FoNcavrof02.frm
FoNcavrof03.frm
FoNcavrof04.frm
FoNcavrof05.frm
FoNcavrof06.frm
FoNcavrof07.frm
FoNcavrof08.frm
FoNchur000.frm
FoNchur001.frm
FoNchur002.frm
FoNchur003.frm
FoNchur004.frm
FoNchur005.frm
FoNchur006.frm
FoNchur007.frm
FoNchur008.frm
FoNchur009.frm
FoNchur010.frm
FoNchur011.frm
FoNchur012.frm
FoNchur013.frm
FoNchur014.frm
FoNchur015.frm
FoNchur016.frm
FoNchur017.frm
FoNchur018.frm
FoNchur019.frm
FoNchur020.frm
FoNchur021.frm
FoNchur022.frm
FoNchur023.frm
FoNchur024.frm
FoNchur025.frm
FoNchur026.frm
FoNchur027.frm
FoNchur028.frm
FoNchur029.frm
FoNchur030.frm
FoNchur031.frm
FoNchur032.frm
FoNchur033.frm
FoNchur034.frm
FoNchur035.frm
FoNchur036.frm
FoNchur037.frm
FoNchur038.frm
FoNchur039.frm
FoNchur040.frm
FoNchur041.frm
FoNchur042.frm
FoNchur043.frm
FoNchur044.frm
FoNchur045.frm
FoNchur046.frm
FoNchur047.frm
FoNchur048.frm
FoNchur049.frm
FoNchur050.frm
FoNchur051.frm
FoNchur052.frm
FoNchur053.frm
FoNchur054.frm
FoNchur055.frm
FoNchur056.frm
FoNchur057.frm
FoNchur058.frm
FoNchur059.frm
FoNchur060.frm
FoNchur061.frm
FoNchur062.frm
FoNchur063.frm
FoNchur064.frm
FoNchur065.frm
FoNchur066.frm
FoNchur067.frm
FoNchur068.frm
FoNchur069.frm
FoNchur070.frm
FoNchur071.frm
FoNchur072.frm
FoNchur073.frm
FoNchur074.frm
FoNchur075.frm
FoNchur076.frm
FoNchur077.frm
FoNchur078.frm
FoNchur079.frm
FoNchur080.frm
FoNchur081.frm
FoNchur082.frm
FoNchur083.frm
FoNchur084.frm
FoNchur085.frm
FoNchur086.frm
FoNchur087.frm
FoNchur088.frm
FoNchur089.frm
FoNchur090.frm
FoNchur091.frm
FoNchur092.frm
FoNchur093.frm
FoNchur094.frm
FoNchur095.frm
FoNchur096.frm
FoNchur097.frm
FoNchur098.frm
FoNchur099.frm
FoNcmt1000.frm
FoNcmt2000.frm
FoNcmt3000.frm
FoNcmt4000.frm
FoNcmt4001.frm
FoNcmt4002.frm
FoNcmt5000.frm
FoNcmt6000.frm
FoNcmt7000.frm
FoNcmt8000.frm
FoNcrbm000.frm
FoNcrbm001.frm
FoNcrbm002.frm
FoNcrbm003.frm
FoNcrbm004.frm
FoNcrbm005.frm
FoNcrbm006.frm
FoNcrbm007.frm
FoNcrbm008.frm
FoNcrbm009.frm
FoNcrbm010.frm
FoNcrbm011.frm
FoNcrbm012.frm
FoNcrbm013.frm
FoNcrbm014.frm
FoNcrbm015.frm
FoNcrbm016.frm
FoNcrbm017.frm
FoNcrta000.frm
FoNcrta001.frm
FoNcrta002.frm
FoNcrta003.frm
FoNcrta004.frm
FoNcrta005.frm
FoNcrta006.frm
FoNcrta007.frm
FoNcrta008.frm
FoNcrta009.frm
FoNcrta010.frm
FoNcrta011.frm
FoNcrta012.frm
FoNcrta013.frm
FoNcrta014.frm
FoNcrta015.frm
FoNcrta016.frm
FoNcrta017.frm
FoNcrta018.frm
FoNcrtb000.frm
FoNcrtb001.frm
FoNcrtb002.frm
FoNcrtb003.frm
FoNcrtb004.frm
FoNcrtb005.frm
FoNcrtb006.frm
FoNcrtb007.frm
FoNcrtb008.frm
FoNcrtb009.frm
FoNcrtp000.frm
FoNcrtp001.frm
FoNcrtp002.frm
FoNcrtp003.frm
FoNcrtp004.frm
FoNcrtp005.frm
FoNcrtp006.frm
FoNcrtp007.frm
FoNcrtp008.frm
FoNcrtp009.frm
FoNcrtp010.frm
FoNcrtp011.frm
FoNcrtp012.frm
FoNcrtp013.frm
FoNcrtp014.frm
FoNcurb01.frm
FoNcurb02.frm
FoNcurb03.frm
FoNcurb04.frm
FoNcurb05.frm
FoNcurb06.frm
FoNcurb07.frm
FoNcurb08.frm
FoNcurb09.frm
FoNcurb10.frm
FoNcurb11.frm
FoNcurb12.frm
FoNcurb13.frm
FoNcurb14.frm
FoNcurb15.frm
FoNcurb16.frm
FoNcurb17.frm
FoNcurb18.frm
FoNcurb19.frm
FoNcurb20.frm
FoNcurb21.frm
FoNcurb22.frm
FoNcurb23.frm
FoNcurb24.frm
FoNcurb25.frm
FoNcurb26.frm
FoNcurb27.frm
FoNcurb28.frm
FoNcurb29.frm
FoNcurb30.frm
FoNcurb31.frm
FoNcurb32.frm
FoNcurb33.frm
FoNcurb34.frm
FoNcurb35.frm
FoNcurb36.frm
FoNcurb37.frm
FoNcurb38.frm
FoNcurb39.frm
FoNcurb40.frm
FoNcurb41.frm
FoNcurb42.frm
FoNcurb43.frm
FoNcurb44.frm
FoNcurb45.frm
FoNcurb46.frm
FoNcurb47.frm
FoNcurb48.frm
FoNcurb49.frm
FoNcurb50.frm
FoNcurb51.frm
FoNcurb52.frm
FoNcurb53.frm
FoNcurb54.frm
FoNcurb55.frm
FoNdsrt0000.frm
FoNdsrt0001.frm
FoNdsrt0002.frm
FoNdsrt0003.frm
FoNdsrt0004.frm
FoNdsrt0005.frm
FoNdsrt0006.frm
FoNdsrt0007.frm
FoNdsrt0008.frm
FoNdsrt0009.frm
FoNdsrt0010.frm
FoNdsrt0011.frm
FoNdsrt0012.frm
FoNdsrt0013.frm
FoNdsrt0014.frm
FoNdsrt0015.frm
FoNdsrt0016.frm
FoNdsrt0017.frm
FoNdsrt0018.frm
FoNdsrt0019.frm
FoNdsrt0020.frm
FoNdsrt0021.frm
FoNdsrt0022.frm
FoNdsrt0023.frm
FoNdsrt0024.frm
FoNdsrt0025.frm
FoNdsrt0026.frm
FoNdsrt0027.frm
FoNdsrt0028.frm
FoNdsrt0029.frm
FoNdsrt0030.frm
FoNdsrt0031.frm
FoNdsrt0032.frm
FoNdsrt0033.frm
FoNdsrt0034.frm
FoNdsrt0035.frm
FoNdsrt0036.frm
FoNdsrt0037.frm
FoNdsrt0038.frm
FoNdsrt0039.frm
FoNdsrt0040.frm
FoNdsrt0041.frm
FoNdsrt0042.frm
FoNdsrt0043.frm
FoNdsrt0044.frm
FoNdsrt0045.frm
FoNdsrt0046.frm
FoNdsrt0047.frm
FoNdsrt0048.frm
FoNdsrt0049.frm
FoNdsrt0050.frm
FoNdsrt0051.frm
FoNdsrt0052.frm
FoNdsrt0053.frm
FoNdsrt0054.frm
FoNdsrt0055.frm
FoNdsrt0056.frm
FoNdsrt100.frm
FoNdsrt101.frm
FoNdsrt102.frm
FoNdsrt103.frm
FoNdsrt104.frm
FoNdsrt105.frm
FoNdsrt106.frm
FoNdsrt107.frm
FoNdsrt108.frm
FoNdsrt109.frm
FoNdsrt110.frm
FoNedg1000.frm
FoNedg1001.frm
FoNedg1002.frm
FoNedg1003.frm
FoNedg2000.frm
FoNedg2001.frm
FoNedg2002.frm
FoNedg2003.frm
FoNedg3000.frm
FoNedg3001.frm
FoNedg4000.frm
FoNedg4001.frm
FoNedg4002.frm
FoNedg4003.frm
FoNedg4004.frm
FoNedg4005.frm
FoNedg4006.frm
FoNedg4007.frm
FoNedg4008.frm
FoNedg5000.frm
FoNedg5001.frm
FoNedg5002.frm
FoNedg5003.frm
FoNedg5004.frm
FoNedg5005.frm
FoNedg5006.frm
FoNedg5007.frm
FoNedg5008.frm
FoNedg6000.frm
FoNedg6001.frm
FoNedg6002.frm
FoNedg6003.frm
FoNedg6004.frm
FoNedg6005.frm
FoNedg6006.frm
FoNedg6007.frm
FoNedg6008.frm
FoNedg6009.frm
FoNedg6010.frm
FoNedg6011.frm
FoNedg7000.frm
FoNedg7001.frm
FoNedg7002.frm
FoNedg7003.frm
FoNedgs000.frm
FoNedgs001.frm
FoNedgs002.frm
FoNedgs003.frm
FoNedgs004.frm
FoNencl01.frm
FoNencl02.frm
FoNencl03.frm
FoNencl04.frm
FoNencl05.frm
FoNencl06.frm
FoNencl07.frm
FoNencl08.frm
FoNencl09.frm
FoNencl10.frm
FoNencl11.frm
FoNenfl001.frm
FoNenfl002.frm
FoNenfl003.frm
FoNenfl004.frm
FoNenfl005.frm
FoNenfl006.frm
FoNenfl007.frm
FoNenfl008.frm
FoNenfl009.frm
FoNenfl010.frm
FoNenfl011.frm
FoNenfl012.frm
FoNenfl013.frm
FoNenfl014.frm
FoNenfl015.frm
FoNenfl016.frm
FoNenfl017.frm
FoNenfl018.frm
FoNenfl019.frm
FoNenfl020.frm
FoNenfl021.frm
FoNenfl022.frm
FoNenfl023.frm
FoNenfl024.frm
FoNenfl025.frm
FoNenfl026.frm
FoNenfl027.frm
FoNenfl028.frm
FoNenfl029.frm
FoNenfl030.frm
FoNenfl031.frm
FoNenfl032.frm
FoNenfl033.frm
FoNenfl034.frm
FoNenfl035.frm
FoNenfl036.frm
FoNenfl037.frm
FoNenfl038.frm
FoNenfl039.frm
FoNenfl040.frm
FoNenfl041.frm
FoNenfl042.frm
FoNenfl043.frm
FoNenfl044.frm
FoNenfl045.frm
FoNenfl046.frm
FoNenfl047.frm
FoNenfl048.frm
FoNfom1000.frm
FoNfoot000.frm
FoNfoot001.frm
FoNfoot002.frm
FoNfoot003.frm
FoNfoot004.frm
FoNfoot005.frm
FoNfoot006.frm
FoNfoot007.frm
FoNfoot008.frm
FoNfoot009.frm
FoNfoot010.frm
FoNfoot011.frm
FoNfoot012.frm
FoNfoot013.frm
FoNfoot014.frm
FoNfoot015.frm
FoNfoot016.frm
FoNfoot017.frm
FoNfoot018.frm
FoNfoot019.frm
FoNfoot020.frm
FoNfoot021.frm
FoNfoot022.frm
FoNfoot023.frm
FoNfoot024.frm
FoNfoot025.frm
FoNfoot026.frm
FoNfoot027.frm
FoNfoot028.frm
FoNfoot029.frm
FoNfoot030.frm
FoNfoot031.frm
FoNfoot032.frm
FoNgar2000.frm
FoNgar2001.frm
FoNgar2002.frm
FoNgar2003.frm
FoNgar2004.frm
FoNgeka000.frm
FoNgeka001.frm
FoNgeka002.frm
FoNgeka003.frm
FoNgeka004.frm
FoNgeka005.frm
FoNgeka006.frm
FoNgeka007.frm
FoNgeka008.frm
FoNgeka009.frm
FoNgeka010.frm
FoNgeka011.frm
FoNgeka012.frm
FoNgeka013.frm
FoNgeka014.frm
FoNgeka015.frm
FoNgeka016.frm
FoNgeka017.frm
FoNgeka018.frm
FoNgeka019.frm
FoNgeka020.frm
FoNgeka021.frm
FoNgeka022.frm
FoNgeka023.frm
FoNgeka024.frm
FoNgeka025.frm
FoNgeka026.frm
FoNgeka027.frm
FoNgeka028.frm
FoNgeka029.frm
FoNgeka030.frm
FoNgeka031.frm
FoNgeka032.frm
FoNgeka033.frm
FoNgeka034.frm
FoNgeka035.frm
FoNgeka036.frm
FoNgeka037.frm
FoNgeka038.frm
FoNgeka039.frm
FoNgeka040.frm
FoNgeka041.frm
FoNgeka042.frm
FoNgeka043.frm
FoNgeka044.frm
FoNgeka045.frm
FoNgeka046.frm
FoNgeka047.frm
FoNgeka048.frm
FoNgeka049.frm
FoNgeka050.frm
FoNgeka051.frm
FoNgeka052.frm
FoNgeka053.frm
FoNgeka054.frm
FoNgeka055.frm
FoNgeka056.frm
FoNgeka057.frm
FoNgeka058.frm
FoNgeka059.frm
FoNgeka060.frm
FoNgeka061.frm
FoNgeka062.frm
FoNgeka063.frm
FoNgeka064.frm
FoNgekb000.frm
FoNgekb001.frm
FoNgekb002.frm
FoNgekb003.frm
FoNgekb004.frm
FoNgekb005.frm
FoNgekb006.frm
FoNgekb007.frm
FoNgekb008.frm
FoNgekb009.frm
FoNgekb010.frm
FoNgekb011.frm
FoNgekb012.frm
FoNgekb013.frm
FoNgekb014.frm
FoNgekb015.frm
FoNgekb016.frm
FoNgekb017.frm
FoNgekb018.frm
FoNgekb019.frm
FoNgekb020.frm
FoNgekb021.frm
FoNgekb022.frm
FoNgekb023.frm
FoNgekb024.frm
FoNgekb025.frm
FoNgekb026.frm
FoNgekb027.frm
FoNgekb028.frm
FoNgekb029.frm
FoNgekb030.frm
FoNgekb031.frm
FoNgekb032.frm
FoNgekb033.frm
FoNgekb034.frm
FoNgekb035.frm
FoNgekb036.frm
FoNgekb037.frm
FoNgekb038.frm
FoNgekb039.frm
FoNgekb040.frm
FoNgekb041.frm
FoNgekb042.frm
FoNgekb043.frm
FoNgekb044.frm
FoNgekb045.frm
FoNgekb046.frm
FoNgekb047.frm
FoNgekb048.frm
FoNgekb049.frm
FoNgekb050.frm
FoNgekb051.frm
FoNgekb052.frm
FoNgekb053.frm
FoNgekb054.frm
FoNgekb055.frm
FoNgekb056.frm
FoNgekb057.frm
FoNgekb058.frm
FoNgekb059.frm
FoNgekb060.frm
FoNgekb061.frm
FoNgekb062.frm
FoNgekb063.frm
FoNgekb064.frm
FoNgrass01.frm
FoNgrass02.frm
FoNgrid000.frm
FoNgrid001.frm
FoNgrof000.frm
FoNgrof001.frm
FoNgrof002.frm
FoNgrof003.frm
FoNgrof004.frm
FoNgrof005.frm
FoNgrof006.frm
FoNgrof007.frm
FoNgrof008.frm
FoNgrof009.frm
FoNgrof010.frm
FoNgrof011.frm
FoNgrof012.frm
FoNgrof013.frm
FoNgrof014.frm
FoNgrof015.frm
FoNgrof016.frm
FoNgrof017.frm
FoNgrof018.frm
FoNgrof019.frm
FoNgrof020.frm
FoNgrof021.frm
FoNgrof022.frm
FoNgrof023.frm
FoNgrof024.frm
FoNgrof025.frm
FoNgrof026.frm
FoNgrof027.frm
FoNgrof028.frm
FoNgrof029.frm
FoNgrof030.frm
FoNgrof031.frm
FoNgrof032.frm
FoNgrof033.frm
FoNgrof034.frm
FoNgrof035.frm
FoNgrof036.frm
FoNgrof037.frm
FoNgrof038.frm
FoNgrof039.frm
FoNgrof040.frm
FoNgrof041.frm
FoNgrof042.frm
FoNgrof043.frm
FoNgrof044.frm
FoNgrof045.frm
FoNgrof046.frm
FoNgrof047.frm
FoNgrof048.frm
FoNgrof049.frm
FoNgrof050.frm
FoNgrof051.frm
FoNgrof052.frm
FoNgrof053.frm
FoNgrof054.frm
FoNgrof055.frm
FoNgrof056.frm
FoNgrof057.frm
FoNgrof058.frm
FoNgrof059.frm
FoNgrof060.frm
FoNgrof061.frm
FoNgrof062.frm
FoNgrof063.frm
FoNgrof064.frm
FoNgrof065.frm
FoNgrof066.frm
FoNgrof067.frm
FoNgrof068.frm
FoNgrof069.frm
FoNgrof070.frm
FoNgrof071.frm
FoNgrof072.frm
FoNgrof073.frm
FoNgrof074.frm
FoNgrof075.frm
FoNgrof076.frm
FoNgrof077.frm
FoNgrof078.frm
FoNgrof079.frm
FoNgrof080.frm
FoNgrof081.frm
FoNgrof082.frm
FoNgrof083.frm
FoNgrof084.frm
FoNgrof085.frm
FoNgrof086.frm
FoNgrof087.frm
FoNgrof088.frm
FoNgrof089.frm
FoNgrof090.frm
FoNgrof091.frm
FoNgrof092.frm
FoNgrof093.frm
FoNgrof094.frm
FoNgrof095.frm
FoNgrof096.frm
FoNgrof097.frm
FoNgrof098.frm
FoNgrof099.frm
FoNgrof100.frm
FoNgrof101.frm
FoNgrt2000.frm
FoNgrt2001.frm
FoNhead000.frm
FoNhead001.frm
FoNhead002.frm
FoNhead003.frm
FoNhead004.frm
FoNhead005.frm
FoNhead006.frm
FoNhead007.frm
FoNhead008.frm
FoNhead009.frm
FoNhead010.frm
FoNhead011.frm
FoNhead012.frm
FoNhead013.frm
FoNhead014.frm
FoNhead015.frm
FoNhead016.frm
FoNhead017.frm
FoNhola000.frm
FoNhola001.frm
FoNhola002.frm
FoNhola003.frm
FoNhola004.frm
FoNhola005.frm
FoNhola006.frm
FoNhola007.frm
FoNhola008.frm
FoNhola009.frm
FoNhola010.frm
FoNhola011.frm
FoNhola012.frm
FoNhola013.frm
FoNhola014.frm
FoNhola015.frm
FoNhola016.frm
FoNhola017.frm
FoNhola018.frm
FoNhola019.frm
FoNhola020.frm
FoNhola021.frm
FoNhola022.frm
FoNhola023.frm
FoNhola024.frm
FoNhola025.frm
FoNhola026.frm
FoNhola027.frm
FoNhola028.frm
FoNhola029.frm
FoNhola030.frm
FoNhola031.frm
FoNhola032.frm
FoNhola033.frm
FoNhola034.frm
FoNhola035.frm
FoNhola036.frm
FoNhola037.frm
FoNhola038.frm
FoNhola039.frm
FoNhola040.frm
FoNhola041.frm
FoNhola042.frm
FoNhola043.frm
FoNhola044.frm
FoNhola045.frm
FoNhola046.frm
FoNhola047.frm
FoNhola048.frm
FoNhola049.frm
FoNhola050.frm
FoNhola051.frm
FoNhola052.frm
FoNhola053.frm
FoNhola054.frm
FoNhola055.frm
FoNhola056.frm
FoNhola057.frm
FoNhola058.frm
FoNhola059.frm
FoNhola060.frm
FoNhola061.frm
FoNhola062.frm
FoNhola063.frm
FoNhola064.frm
FoNhola065.frm
FoNhola066.frm
FoNhola067.frm
FoNhola068.frm
FoNhola069.frm
FoNhola070.frm
FoNhola071.frm
FoNhola072.frm
FoNhola073.frm
FoNhola074.frm
FoNhola075.frm
FoNhola076.frm
FoNhola077.frm
FoNhola078.frm
FoNhola079.frm
FoNhola080.frm
FoNhola081.frm
FoNhola082.frm
FoNhola083.frm
FoNhola084.frm
FoNhola085.frm
FoNhola086.frm
FoNhola087.frm
FoNhola088.frm
FoNhola089.frm
FoNhola090.frm
FoNhola091.frm
FoNhola092.frm
FoNhola093.frm
FoNhola094.frm
FoNhola095.frm
FoNhola096.frm
FoNhola097.frm
FoNhola098.frm
FoNhola099.frm
FoNhola100.frm
FoNhola101.frm
FoNhola102.frm
FoNhola103.frm
FoNhola104.frm
FoNhola105.frm
FoNhola106.frm
FoNhola107.frm
FoNhola108.frm
FoNhola109.frm
FoNhola110.frm
FoNhola111.frm
FoNhola112.frm
FoNhola113.frm
FoNhola114.frm
FoNhola115.frm
FoNhola116.frm
FoNhola117.frm
FoNhola118.frm
FoNhola119.frm
FoNhola120.frm
FoNhola121.frm
FoNhola122.frm
FoNhola123.frm
FoNhola124.frm
FoNhola125.frm
FoNhola126.frm
FoNhola127.frm
FoNhola128.frm
FoNhola129.frm
FoNhola130.frm
FoNhola131.frm
FoNholb000.frm
FoNholb001.frm
FoNholb002.frm
FoNholb003.frm
FoNholb004.frm
FoNholb005.frm
FoNholb006.frm
FoNholb007.frm
FoNholb008.frm
FoNholb009.frm
FoNholb010.frm
FoNholb011.frm
FoNholb012.frm
FoNholb013.frm
FoNholb014.frm
FoNholb015.frm
FoNholb016.frm
FoNholb017.frm
FoNholb018.frm
FoNholb019.frm
FoNholb020.frm
FoNholb021.frm
FoNholb022.frm
FoNholb023.frm
FoNholb024.frm
FoNholb025.frm
FoNholb026.frm
FoNholb027.frm
FoNholb028.frm
FoNholb029.frm
FoNholb030.frm
FoNholb031.frm
FoNholb032.frm
FoNholb033.frm
FoNholb034.frm
FoNholb035.frm
FoNholb036.frm
FoNholb037.frm
FoNholb038.frm
FoNholb039.frm
FoNholb040.frm
FoNholb041.frm
FoNholb042.frm
FoNholb043.frm
FoNholb044.frm
FoNholb045.frm
FoNholb046.frm
FoNholb047.frm
FoNholb048.frm
FoNholb049.frm
FoNholb050.frm
FoNholb051.frm
FoNholb052.frm
FoNholb053.frm
FoNholb054.frm
FoNholb055.frm
FoNholb056.frm
FoNholb057.frm
FoNholb058.frm
FoNholb059.frm
FoNholb060.frm
FoNholb061.frm
FoNholb062.frm
FoNholb063.frm
FoNholb064.frm
FoNholb065.frm
FoNholb066.frm
FoNholb067.frm
FoNholb068.frm
FoNholb069.frm
FoNholb070.frm
FoNholb071.frm
FoNholb072.frm
FoNholb073.frm
FoNholb074.frm
FoNholb075.frm
FoNholb076.frm
FoNholb077.frm
FoNholb078.frm
FoNholb079.frm
FoNholb080.frm
FoNholb081.frm
FoNholb082.frm
FoNholb083.frm
FoNholb084.frm
FoNholb085.frm
FoNholb086.frm
FoNholb087.frm
FoNholb088.frm
FoNholb089.frm
FoNholb090.frm
FoNholb091.frm
FoNholb092.frm
FoNholb093.frm
FoNholc000.frm
FoNholc001.frm
FoNholc002.frm
FoNholc003.frm
FoNholc004.frm
FoNholc005.frm
FoNholc006.frm
FoNholc007.frm
FoNholc008.frm
FoNholc009.frm
FoNholc010.frm
FoNholc011.frm
FoNholc012.frm
FoNholc013.frm
FoNholc014.frm
FoNholc015.frm
FoNholc016.frm
FoNholc017.frm
FoNholc018.frm
FoNholc019.frm
FoNholc020.frm
FoNholc021.frm
FoNholc022.frm
FoNholc023.frm
FoNholc024.frm
FoNholc025.frm
FoNholc026.frm
FoNholc027.frm
FoNholc028.frm
FoNholc029.frm
FoNholc030.frm
FoNholc031.frm
FoNholc032.frm
FoNholc033.frm
FoNholc034.frm
FoNholc035.frm
FoNholc036.frm
FoNholc037.frm
FoNholc038.frm
FoNholc039.frm
FoNholc040.frm
FoNholc041.frm
FoNholc042.frm
FoNholc043.frm
FoNholc044.frm
FoNholc045.frm
FoNholc046.frm
FoNholc047.frm
FoNholc048.frm
FoNholc049.frm
FoNholc050.frm
FoNholc051.frm
FoNholc052.frm
FoNjrt1000.frm
FoNjrt1001.frm
FoNjrt1002.frm
FoNjrt2000.frm
FoNjrt2001.frm
FoNjrt2002.frm
FoNlevl001.frm
FoNlevl002.frm
FoNlevl003.frm
FoNlevl004.frm
FoNlevl005.frm
FoNlevl006.frm
FoNlevl007.frm
FoNlevl008.frm
FoNlevl009.frm
FoNlevl010.frm
FoNlevl011.frm
FoNlevl012.frm
FoNlevl013.frm
FoNlevl014.frm
FoNlevl015.frm
FoNlevl016.frm
FoNlevl017.frm
FoNlevl018.frm
FoNlevl019.frm
FoNlevl020.frm
FoNlevl021.frm
FoNlevl022.frm
FoNlevl023.frm
FoNlevl024.frm
FoNlevl025.frm
FoNlevl026.frm
FoNlevl027.frm
FoNlevl028.frm
FoNlevl029.frm
FoNlevl030.frm
FoNlevl031.frm
FoNlevl032.frm
FoNlevl033.frm
FoNlevl034.frm
FoNlevl035.frm
FoNlevl036.frm
FoNlevl037.frm
FoNlevl038.frm
FoNlevl039.frm
FoNlevl040.frm
FoNlevl041.frm
FoNlevl042.frm
FoNlevl043.frm
FoNlevl044.frm
FoNlevl045.frm
FoNlevl046.frm
FoNlevl047.frm
FoNlevl048.frm
FoNlevl049.frm
FoNlevl050.frm
FoNlevl051.frm
FoNlevl052.frm
FoNlevl053.frm
FoNlevl054.frm
FoNlevl055.frm
FoNlevl056.frm
FoNlevl057.frm
FoNlevl061.frm
FoNlevl062.frm
FoNlevl063.frm
FoNlevl064.frm
FoNlevl065.frm
FoNlevl066.frm
FoNmbrf000.frm
FoNmbrf001.frm
FoNmbrf002.frm
FoNmbrf003.frm
FoNmbrf004.frm
FoNmbrf005.frm
FoNmbrf006.frm
FoNmbrf007.frm
FoNmbrf008.frm
FoNmbrf009.frm
FoNmbrf010.frm
FoNmbrf011.frm
FoNmbrf012.frm
FoNmbrf013.frm
FoNmbrf014.frm
FoNmbrf015.frm
FoNmbrf016.frm
FoNmbrf017.frm
FoNmbrf018.frm
FoNmbrf019.frm
FoNmbrf020.frm
FoNmbrf021.frm
FoNmbrf022.frm
FoNmbrf023.frm
FoNmbrf024.frm
FoNmbrf025.frm
FoNmbrf026.frm
FoNmbrf027.frm
FoNmbrf028.frm
FoNmbrf029.frm
FoNmbrf030.frm
FoNmbrf031.frm
FoNmbrf032.frm
FoNmbrf033.frm
FoNmbrf034.frm
FoNmbrf035.frm
FoNmbrf036.frm
FoNmbrf037.frm
FoNmbrf038.frm
FoNmbrf039.frm
FoNmbrf040.frm
FoNmbrf041.frm
FoNmbrf042.frm
FoNmbrf043.frm
FoNmbrf044.frm
FoNmbrf045.frm
FoNmbrf046.frm
FoNmbrf047.frm
FoNmbrf048.frm
FoNmbrf049.frm
FoNmbrf050.frm
FoNmbrf051.frm
FoNmbrf052.frm
FoNmbrf053.frm
FoNmbrf054.frm
FoNmbrf055.frm
FoNmbrf056.frm
FoNmbrf057.frm
FoNmbrf058.frm
FoNmbrf059.frm
FoNmbrf060.frm
FoNmbrf061.frm
FoNmbrf062.frm
FoNmbrf063.frm
FoNmbrf064.frm
FoNmbrf065.frm
FoNmbrf066.frm
FoNmbrf067.frm
FoNmbrf068.frm
FoNmbrf069.frm
FoNmbrf070.frm
FoNmbrf071.frm
FoNmbrf072.frm
FoNmbrf073.frm
FoNmbrf074.frm
FoNmbrf075.frm
FoNmbrf076.frm
FoNmbrf077.frm
FoNmbrf078.frm
FoNmbrf079.frm
FoNmbrf080.frm
FoNmbrf081.frm
FoNmbrf082.frm
FoNmbrf083.frm
FoNmbrf084.frm
FoNmbrf085.frm
FoNmbrf086.frm
FoNmbrf087.frm
FoNmbrf088.frm
FoNmbrf089.frm
FoNmbrf090.frm
FoNmbrf091.frm
FoNmbrf092.frm
FoNmbrf093.frm
FoNmbrf094.frm
FoNmbrf095.frm
FoNmbrf096.frm
FoNmbrf097.frm
FoNmbrf098.frm
FoNmbrf099.frm
FoNmbrf100.frm
FoNmbrf101.frm
FoNmbrf102.frm
FoNmbrf103.frm
FoNmbrf104.frm
FoNmbrf105.frm
FoNmbrf106.frm
FoNmbrf107.frm
FoNmbrf108.frm
FoNmbrf109.frm
FoNmbrf110.frm
FoNmbrf111.frm
FoNmbrf112.frm
FoNmbrf113.frm
FoNmbrf114.frm
FoNmbrf115.frm
FoNmbrf116.frm
FoNmbrf117.frm
FoNmbrf118.frm
FoNmbrf119.frm
FoNmbrf120.frm
FoNmbrf121.frm
FoNmbrf122.frm
FoNmbrf123.frm
FoNmbrf124.frm
FoNmbrf125.frm
FoNmbrf201.frm
FoNmbrf202.frm
FoNmbrf203.frm
FoNment000.frm
FoNment001.frm
FoNment002.frm
FoNment003.frm
FoNment004.frm
FoNment005.frm
FoNment006.frm
FoNment007.frm
FoNment008.frm
FoNment009.frm
FoNment010.frm
FoNment011.frm
FoNment012.frm
FoNmnta000.frm
FoNmnta001.frm
FoNmnta002.frm
FoNmnta003.frm
FoNmnta004.frm
FoNmnta005.frm
FoNmnta006.frm
FoNmnta007.frm
FoNmnta008.frm
FoNmnta009.frm
FoNmnta010.frm
FoNmnta011.frm
FoNmnta012.frm
FoNmnta013.frm
FoNmnta014.frm
FoNmnta015.frm
FoNmnta016.frm
FoNmnta017.frm
FoNmnta018.frm
FoNmnta019.frm
FoNmnta020.frm
FoNmnta021.frm
FoNmnta022.frm
FoNmnta023.frm
FoNmntb000.frm
FoNmntb001.frm
FoNmntb002.frm
FoNmntb003.frm
FoNmntb004.frm
FoNmntb005.frm
FoNmntb006.frm
FoNmntb007.frm
FoNmntb008.frm
FoNmntb009.frm
FoNmntb010.frm
FoNmntb011.frm
FoNmntb012.frm
FoNmntb013.frm
FoNmntb014.frm
FoNmntb015.frm
FoNmntb016.frm
FoNmntb017.frm
FoNmntb018.frm
FoNmntb019.frm
FoNmntb020.frm
FoNmntb021.frm
FoNmntb022.frm
FoNmntb023.frm
FoNmntb024.frm
FoNmntb025.frm
FoNmntb026.frm
FoNmntc000.frm
FoNmntc001.frm
FoNmntc002.frm
FoNmntc003.frm
FoNmntc004.frm
FoNmntc005.frm
FoNmntc006.frm
FoNmntc007.frm
FoNmntc008.frm
FoNmntc009.frm
FoNmntc010.frm
FoNmntc011.frm
FoNmntc012.frm
FoNmntc013.frm
FoNmntc014.frm
FoNmntc015.frm
FoNmntc016.frm
FoNmntc017.frm
FoNmntc018.frm
FoNmntd000.frm
FoNmntd001.frm
FoNmntd002.frm
FoNmntd003.frm
FoNmntd004.frm
FoNmntd005.frm
FoNmntd006.frm
FoNmntd007.frm
FoNmntd008.frm
FoNmntd009.frm
FoNmntd010.frm
FoNmntd011.frm
FoNmntd012.frm
FoNmntd013.frm
FoNmntd014.frm
FoNmntd015.frm
FoNmntd016.frm
FoNmntd017.frm
FoNmntd018.frm
FoNmntd019.frm
FoNmntd020.frm
FoNmntd021.frm
FoNmntd022.frm
FoNmntd023.frm
FoNmntd024.frm
FoNmntd025.frm
FoNmntd026.frm
FoNmntd027.frm
FoNmntd028.frm
FoNmntd029.frm
FoNmntd030.frm
FoNmntd031.frm
FoNmntd032.frm
FoNmntd033.frm
FoNmntd034.frm
FoNmntd035.frm
FoNmntd036.frm
FoNmntd037.frm
FoNmoda001.frm
FoNmoda002.frm
FoNmoda003.frm
FoNmoda004.frm
FoNmoda005.frm
FoNmoda006.frm
FoNmoda007.frm
FoNmoda008.frm
FoNmoda009.frm
FoNmoda010.frm
FoNmoda011.frm
FoNmoda012.frm
FoNmoda013.frm
FoNmoda014.frm
FoNmoda015.frm
FoNmoda016.frm
FoNmoda017.frm
FoNmoda018.frm
FoNmoda019.frm
FoNmoda020.frm
FoNmoda021.frm
FoNmoda022.frm
FoNmoda023.frm
FoNmstrflr1.frm
FoNmstrflr2.frm
FoNnava001.frm
FoNnava002.frm
FoNnava003.frm
FoNnava004.frm
FoNnava005.frm
FoNnava006.frm
FoNnava007.frm
FoNnava008.frm
FoNnava009.frm
FoNnava010.frm
FoNnava011.frm
FoNnava012.frm
FoNnava013.frm
FoNnava014.frm
FoNnava015.frm
FoNnava016.frm
FoNnava017.frm
FoNnava018.frm
FoNnava019.frm
FoNnava020.frm
FoNnava021.frm
FoNnava022.frm
FoNnava023.frm
FoNnava024.frm
FoNnava025.frm
FoNnava026.frm
FoNnava027.frm
FoNnava028.frm
FoNnava029.frm
FoNnava030.frm
FoNnava031.frm
FoNnava032.frm
FoNnava033.frm
FoNnava034.frm
FoNnava035.frm
FoNnava036.frm
FoNnava037.frm
FoNnava038.frm
FoNnava039.frm
FoNnava040.frm
FoNnava041.frm
FoNnava042.frm
FoNnava043.frm
FoNnava044.frm
FoNnava045.frm
FoNnava046.frm
FoNnava047.frm
FoNnava048.frm
FoNnava049.frm
FoNnava050.frm
FoNnava051.frm
FoNnava052.frm
FoNnava053.frm
FoNnava054.frm
FoNnava055.frm
FoNnava056.frm
FoNnava057.frm
FoNnava058.frm
FoNnava059.frm
FoNnava060.frm
FoNnava061.frm
FoNnava062.frm
FoNnava063.frm
FoNnava064.frm
FoNnava065.frm
FoNnava066.frm
FoNnava067.frm
FoNnava068.frm
FoNnava069.frm
FoNnava070.frm
FoNnava071.frm
FoNnava072.frm
FoNnava073.frm
FoNnava074.frm
FoNnava075.frm
FoNnava076.frm
FoNnava077.frm
FoNnava078.frm
FoNnava079.frm
FoNnava080.frm
FoNnava081.frm
FoNnava082.frm
FoNnava083.frm
FoNnava084.frm
FoNnava085.frm
FoNnava086.frm
FoNnava087.frm
FoNnava088.frm
FoNnava089.frm
FoNnava090.frm
FoNnava091.frm
FoNnava092.frm
FoNnava093.frm
FoNnava094.frm
FoNnava095.frm
FoNnava096.frm
FoNnava097.frm
FoNnava098.frm
FoNnava099.frm
FoNnava100.frm
FoNnava101.frm
FoNnava102.frm
FoNnava103.frm
FoNnava104.frm
FoNnava105.frm
FoNnava106.frm
FoNnava107.frm
FoNnava108.frm
FoNnava109.frm
FoNnava110.frm
FoNnava111.frm
FoNnava112.frm
FoNnava113.frm
FoNnava114.frm
FoNnava115.frm
FoNnava116.frm
FoNnava117.frm
FoNnava118.frm
FoNnava119.frm
FoNnava120.frm
FoNnava121.frm
FoNnava122.frm
FoNnava123.frm
FoNnava124.frm
FoNnava125.frm
FoNnava126.frm
FoNnavb001.frm
FoNnavb002.frm
FoNnavb003.frm
FoNnavb004.frm
FoNnavb005.frm
FoNnavb006.frm
FoNnavb007.frm
FoNnavb008.frm
FoNnavb009.frm
FoNnavb010.frm
FoNnavb011.frm
FoNnavb012.frm
FoNnavb013.frm
FoNnavb014.frm
FoNnavb015.frm
FoNnavb016.frm
FoNnavb017.frm
FoNnavb018.frm
FoNnavb019.frm
FoNnavb020.frm
FoNnavb021.frm
FoNnavb022.frm
FoNnavb023.frm
FoNnavb024.frm
FoNnavb025.frm
FoNnavb026.frm
FoNnavb027.frm
FoNnavb028.frm
FoNnavb029.frm
FoNnavb030.frm
FoNnavb031.frm
FoNnavb032.frm
FoNnavb033.frm
FoNnavb034.frm
FoNnavb035.frm
FoNnavb036.frm
FoNnavb037.frm
FoNnavb038.frm
FoNnavb039.frm
FoNnavb040.frm
FoNnavb041.frm
FoNnavb042.frm
FoNnavb043.frm
FoNnavb044.frm
FoNnavb045.frm
FoNnavb046.frm
FoNnavb047.frm
FoNnavb048.frm
FoNnavb049.frm
FoNnavb050.frm
FoNnavb051.frm
FoNnavb052.frm
FoNnavb053.frm
FoNnavb054.frm
FoNnavb055.frm
FoNnavb056.frm
FoNnavb057.frm
FoNnavc001.frm
FoNnavc002.frm
FoNnavc003.frm
FoNnavc004.frm
FoNnavc005.frm
FoNnavc006.frm
FoNnavc007.frm
FoNnavc008.frm
FoNnavc009.frm
FoNnavc010.frm
FoNnavc011.frm
FoNnavc012.frm
FoNnavc013.frm
FoNnavc014.frm
FoNnavc015.frm
FoNnavc016.frm
FoNnavc017.frm
FoNnavc018.frm
FoNnavc019.frm
FoNnavd001.frm
FoNnavd002.frm
FoNnavd003.frm
FoNnavd004.frm
FoNnavd005.frm
FoNnavd006.frm
FoNnavd007.frm
FoNnavd008.frm
FoNnavd009.frm
FoNnavd010.frm
FoNnavd011.frm
FoNnavd012.frm
FoNnavd013.frm
FoNnavd014.frm
FoNnavd015.frm
FoNnavd016.frm
FoNnavd017.frm
FoNnavd018.frm
FoNnavd019.frm
FoNnavd020.frm
FoNnavd021.frm
FoNnavd022.frm
FoNnavd023.frm
FoNnavd024.frm
FoNnavd025.frm
FoNnavd026.frm
FoNnavd027.frm
FoNnavd028.frm
FoNnavd029.frm
FoNnavd030.frm
FoNnavd031.frm
FoNnavd032.frm
FoNnavd033.frm
FoNnavd034.frm
FoNnavd035.frm
FoNnavd036.frm
FoNnavd037.frm
FoNnavd038.frm
FoNnavd039.frm
FoNnavd040.frm
FoNnavd041.frm
FoNnavd042.frm
FoNnavd043.frm
FoNolvr000.frm
FoNolvr001.frm
FoNolvr002.frm
FoNolvr003.frm
FoNolvr004.frm
FoNolvr005.frm
FoNolvr006.frm
FoNolvr007.frm
FoNolvr008.frm
FoNolvr009.frm
FoNolvr010.frm
FoNolvr011.frm
FoNolvr012.frm
FoNolvr013.frm
FoNolvr014.frm
FoNolvr015.frm
FoNolvr016.frm
FoNolvr017.frm
FoNolvr018.frm
FoNolvr019.frm
FoNolvr020.frm
FoNolvr021.frm
FoNolvr022.frm
FoNolvr023.frm
FoNolvr024.frm
FoNolvr025.frm
FoNolvr026.frm
FoNolvr027.frm
FoNolvr028.frm
FoNolvr029.frm
FoNolvr030.frm
FoNolvr031.frm
FoNolvr032.frm
FoNolvr033.frm
FoNolvr034.frm
FoNolvr035.frm
FoNolvr036.frm
FoNolvr037.frm
FoNolvr038.frm
FoNolvr039.frm
FoNolvr040.frm
FoNolvr041.frm
FoNolvr042.frm
FoNolvr043.frm
FoNolvr044.frm
FoNolvr045.frm
FoNplk1000.frm
FoNplk2000.frm
FoNplk3000.frm
FoNplk3001.frm
FoNplk4000.frm
FoNplk5000.frm
FoNplk6000.frm
FoNplk7000.frm
FoNplt1000.frm
FoNplt2000.frm
FoNplt3000.frm
FoNrckt001.frm
FoNrckt002.frm
FoNrckt003.frm
FoNrckt004.frm
FoNrckt005.frm
FoNrckt006.frm
FoNrckt007.frm
FoNrckt008.frm
FoNrckt009.frm
FoNrckt010.frm
FoNrckt011.frm
FoNrckt012.frm
FoNrckt013.frm
FoNrckt014.frm
FoNrckt015.frm
FoNrckt016.frm
FoNrckt017.frm
FoNrckt018.frm
FoNrckt019.frm
FoNrckt020.frm
FoNrckt021.frm
FoNrckt022.frm
FoNrckt023.frm
FoNrckt024.frm
FoNrckt025.frm
FoNrckt026.frm
FoNrckt027.frm
FoNrckt028.frm
FoNrckt029.frm
FoNrckt030.frm
FoNrckt031.frm
FoNrckt032.frm
FoNrckt033.frm
FoNrckt034.frm
FoNrckt035.frm
FoNrckt036.frm
FoNrckt037.frm
FoNrckt038.frm
FoNrckt039.frm
FoNrckt040.frm
FoNrckt041.frm
FoNrckt042.frm
FoNrckt043.frm
FoNrckt044.frm
FoNrckt045.frm
FoNrckt046.frm
FoNrckt047.frm
FoNrckt048.frm
FoNrckt049.frm
FoNrckt050.frm
FoNrckt051.frm
FoNrckt052.frm
FoNrckt053.frm
FoNrckt054.frm
FoNrckt055.frm
FoNrckt056.frm
FoNrckt057.frm
FoNrckt058.frm
FoNrckt059.frm
FoNrckt060.frm
FoNrckt061.frm
FoNrckt062.frm
FoNrckt063.frm
FoNrckt064.frm
FoNrckt065.frm
FoNrckt066.frm
FoNrckt067.frm
FoNrckt068.frm
FoNrckt069.frm
FoNrckt070.frm
FoNrckt071.frm
FoNrckt072.frm
FoNrckt073.frm
FoNrckt074.frm
FoNrckt075.frm
FoNrckt076.frm
FoNrckt077.frm
FoNrckt078.frm
FoNrckt079.frm
FoNrckt080.frm
FoNrckt081.frm
FoNrckt082.frm
FoNrckt083.frm
FoNrckt084.frm
FoNrckt085.frm
FoNrckt086.frm
FoNrckt087.frm
FoNrckt088.frm
FoNrckt089.frm
FoNrckt090.frm
FoNrckt091.frm
FoNrckt092.frm
FoNrckt093.frm
FoNrckt094.frm
FoNrckt095.frm
FoNrckt096.frm
FoNrckt097.frm
FoNrckt098.frm
FoNrckt099.frm
FoNrckt100.frm
FoNrckt101.frm
FoNrckt102.frm
FoNrckt103.frm
FoNrckt104.frm
FoNrckt105.frm
FoNrckt106.frm
FoNrckt107.frm
FoNrckt108.frm
FoNrckt109.frm
FoNrckt110.frm
FoNrckt111.frm
FoNrckt112.frm
FoNrckt113.frm
FoNrckt114.frm
FoNrckt115.frm
FoNrckt116.frm
FoNrckt117.frm
FoNrckt118.frm
FoNrckt119.frm
FoNrckt120.frm
FoNrckt121.frm
FoNrckt122.frm
FoNrckt123.frm
FoNrckt124.frm
FoNrckt125.frm
FoNrckt126.frm
FoNrckt127.frm
FoNrckt128.frm
FoNrckt129.frm
FoNrckt130.frm
FoNrckt131.frm
FoNrckt132.frm
FoNrckt133.frm
FoNrckt134.frm
FoNrckt135.frm
FoNrckt136.frm
FoNrckt137.frm
FoNrckt138.frm
FoNrckt139.frm
FoNrckt140.frm
FoNrckt141.frm
FoNrckt142.frm
FoNrckt143.frm
FoNrckt144.frm
FoNrckt145.frm
FoNrckt146.frm
FoNrckt147.frm
FoNrckt148.frm
FoNrckt149.frm
FoNrckt150.frm
FoNrckt151.frm
FoNrckt152.frm
FoNrckt153.frm
FoNrckt154.frm
FoNrckt155.frm
FoNrckt156.frm
FoNrckt157.frm
FoNrckt158.frm
FoNrckt159.frm
FoNrckt160.frm
FoNrckt161.frm
FoNrckt162.frm
FoNrckt163.frm
FoNrckt164.frm
FoNrckt165.frm
FoNrckt166.frm
FoNrckt167.frm
FoNrckt168.frm
FoNrckt169.frm
FoNrckt170.frm
FoNrckt171.frm
FoNrckt172.frm
FoNrckt173.frm
FoNrckt174.frm
FoNrckt175.frm
FoNrckt176.frm
FoNrckt177.frm
FoNrckt178.frm
FoNrckt179.frm
FoNrckt180.frm
FoNrckt181.frm
FoNrckt182.frm
FoNrckt183.frm
FoNrckt184.frm
FoNrckt185.frm
FoNrckt186.frm
FoNrckt187.frm
FoNrckt188.frm
FoNrckt189.frm
FoNrckt190.frm
FoNrckt191.frm
FoNrckt192.frm
FoNrckt193.frm
FoNrckt194.frm
FoNrckt195.frm
FoNrckt196.frm
FoNrckt197.frm
FoNrckt198.frm
FoNrckt199.frm
FoNrckt200.frm
FoNrckt201.frm
FoNrckt202.frm
FoNrckt203.frm
FoNrckt204.frm
FoNrckt205.frm
FoNrckt206.frm
FoNrckt207.frm
FoNrckt208.frm
FoNrckt209.frm
FoNrckt210.frm
FoNrckt211.frm
FoNrckt212.frm
FoNrckt213.frm
FoNrckt301.frm
FoNrckt302.frm
FoNrckt303.frm
FoNrckt304.frm
FoNrckt305.frm
FoNrckt306.frm
FoNrckt307.frm
FoNrckt308.frm
FoNrckt309.frm
FoNrckt310.frm
FoNrckt311.frm
FoNrckt312.frm
FoNrckt313.frm
FoNrckt314.frm
FoNrckt315.frm
FoNrckt316.frm
FoNrckt317.frm
FoNrckt318.frm
FoNrckt319.frm
FoNrckt320.frm
FoNrckt321.frm
FoNrckt322.frm
FoNrckt323.frm
FoNrckt324.frm
FoNrckt325.frm
FoNrckt326.frm
FoNrckt327.frm
FoNrckt328.frm
FoNrckt329.frm
FoNrckt330.frm
FoNrckt331.frm
FoNrckt332.frm
FoNrckt333.frm
FoNrckt334.frm
FoNrckt335.frm
FoNrckt336.frm
FoNrckt337.frm
FoNrckt338.frm
FoNrckt339.frm
FoNrckt340.frm
FoNrckt350.frm
FoNrckt351.frm
FoNrckt352.frm
FoNrckt353.frm
FoNrckt354.frm
FoNrckt355.frm
FoNreno001.frm
FoNreno002.frm
FoNreno003.frm
FoNreno004.frm
FoNreno005.frm
FoNreno006.frm
FoNreno010.frm
FoNreno011.frm
FoNreno012.frm
FoNreno013.frm
FoNreno014.frm
FoNreno015.frm
FoNreno016.frm
FoNreno017.frm
FoNreno018.frm
FoNreno019.frm
FoNreno020.frm
FoNreno021.frm
FoNreno022.frm
FoNreno023.frm
FoNreno024.frm
FoNreno025.frm
FoNreno026.frm
FoNreno027.frm
FoNreno028.frm
FoNreno029.frm
FoNreno030.frm
FoNreno031.frm
FoNreno032.frm
FoNreno033.frm
FoNreno034.frm
FoNreno040.frm
FoNreno041.frm
FoNreno042.frm
FoNreno043.frm
FoNreno044.frm
FoNreno045.frm
FoNreno046.frm
FoNreno047.frm
FoNreno048.frm
FoNreno049.frm
FoNreno050.frm
FoNreno051.frm
FoNreno052.frm
FoNreno053.frm
FoNreno054.frm
FoNreno055.frm
FoNreno056.frm
FoNreno057.frm
FoNreno058.frm
FoNreno059.frm
FoNreno060.frm
FoNreno101.frm
FoNreno102.frm
FoNreno103.frm
FoNreno104.frm
FoNreno105.frm
FoNreno106.frm
FoNreno107.frm
FoNreno108.frm
FoNreno109.frm
FoNreno110.frm
FoNreno111.frm
FoNreno112.frm
FoNreno113.frm
FoNreno114.frm
FoNreno115.frm
FoNreno116.frm
FoNreno117.frm
FoNreno118.frm
FoNreno119.frm
FoNreno120.frm
FoNreno121.frm
FoNreno122.frm
FoNreno123.frm
FoNreno124.frm
FoNreno125.frm
FoNreno126.frm
FoNreno127.frm
FoNreno128.frm
FoNreno129.frm
FoNreno130.frm
FoNreno131.frm
FoNreno132.frm
FoNreno133.frm
FoNreno134.frm
FoNreno135.frm
FoNreno136.frm
FoNreno137.frm
FoNreno138.frm
FoNreno139.frm
FoNreno140.frm
FoNreno141.frm
FoNreno142.frm
FoNreserved.frm
FoNroad01.frm
FoNroad02.frm
FoNroad03.frm
FoNroad04.frm
FoNroad05.frm
FoNroad06.frm
FoNroad07.frm
FoNroad08.frm
FoNroad09.frm
FoNroad10.frm
FoNroad11.frm
FoNroad12.frm
FoNroad13.frm
FoNroad14.frm
FoNroad15.frm
FoNroad16.frm
FoNroad17.frm
FoNroad18.frm
FoNroad19.frm
FoNroad20.frm
FoNroad21.frm
FoNroad22.frm
FoNroad23.frm
FoNroad24.frm
FoNroad25.frm
FoNroad26.frm
FoNroad27.frm
FoNroad28.frm
FoNroad29.frm
FoNroad30.frm
FoNroad31.frm
FoNroad32.frm
FoNroad33.frm
FoNroad34.frm
FoNroad35.frm
FoNroad36.frm
FoNroad37.frm
FoNroad38.frm
FoNroad39.frm
FoNroofcnr.frm
FoNrst1000.frm
FoNrst1001.frm
FoNrst1002.frm
FoNrst1003.frm
FoNruf1000.frm
FoNruf1001.frm
FoNruf2000.frm
FoNruf2001.frm
FoNruf2002.frm
FoNruf2003.frm
FoNruf2004.frm
FoNruf2005.frm
FoNruf2006.frm
FoNruf2007.frm
FoNruf2008.frm
FoNruf3000.frm
FoNruf3001.frm
FoNruf4000.frm
FoNrun_01.frm
FoNrun_02.frm
FoNsalbr01.frm
FoNsalbr02.frm
FoNsalbr03.frm
FoNsalbr04.frm
FoNsalbr05.frm
FoNsalbr06.frm
FoNsalbr07.frm
FoNsalbr08.frm
FoNsalbr09.frm
FoNsalbr10.frm
FoNsalbr11.frm
FoNsalbr12.frm
FoNsalbr13.frm
FoNsalbr14.frm
FoNsalbr15.frm
FoNsalbr16.frm
FoNsalbr17.frm
FoNsalbr18.frm
FoNsalbr19.frm
FoNsalbr20.frm
FoNsalbr21.frm
FoNsalbr22.frm
FoNsaus000.frm
FoNsaus001.frm
FoNsaus002.frm
FoNsaus003.frm
FoNsaus004.frm
FoNsaus005.frm
FoNsaus006.frm
FoNsaus007.frm
FoNsaus008.frm
FoNsaus009.frm
FoNsaus010.frm
FoNsaus011.frm
FoNsaus012.frm
FoNsaus013.frm
FoNsaus014.frm
FoNsaus015.frm
FoNsaus016.frm
FoNsaus017.frm
FoNsaus018.frm
FoNsaus019.frm
FoNsaus020.frm
FoNsaus021.frm
FoNsaus022.frm
FoNsaus023.frm
FoNsaus024.frm
FoNsaus025.frm
FoNsaus026.frm
FoNsaus027.frm
FoNsaus028.frm
FoNsaus029.frm
FoNsaus030.frm
FoNsaus031.frm
FoNsaus032.frm
FoNsaus033.frm
FoNsaus034.frm
FoNsaus035.frm
FoNsaus036.frm
FoNsaus037.frm
FoNsaus038.frm
FoNsaus039.frm
FoNsaus040.frm
FoNsaus041.frm
FoNsaus042.frm
FoNsaus043.frm
FoNsaus044.frm
FoNseas001.frm
FoNseas002.frm
FoNseas003.frm
FoNseas004.frm
FoNseas005.frm
FoNseas006.frm
FoNseas007.frm
FoNseas008.frm
FoNseas009.frm
FoNseas010.frm
FoNseas011.frm
FoNseas012.frm
FoNseas013.frm
FoNseas014.frm
FoNseas015.frm
FoNseas016.frm
FoNseas017.frm
FoNseas018.frm
FoNseas019.frm
FoNshipflr1.frm
FoNshore01.frm
FoNshore02.frm
FoNshore03.frm
FoNshore04.frm
FoNshore05.frm
FoNshore06.frm
FoNshore07.frm
FoNshore08.frm
FoNshore09.frm
FoNshore10.frm
FoNshut001.frm
FoNshut002.frm
FoNshut003.frm
FoNshut004.frm
FoNshut005.frm
FoNshut006.frm
FoNshut007.frm
FoNshut008.frm
FoNshut009.frm
FoNshut010.frm
FoNshut011.frm
FoNshut012.frm
FoNshut013.frm
FoNshut014.frm
FoNshut015.frm
FoNshut016.frm
FoNshut017.frm
FoNshut018.frm
FoNshut019.frm
FoNshut020.frm
FoNshut021.frm
FoNshut022.frm
FoNshut023.frm
FoNshut024.frm
FoNshut025.frm
FoNshut026.frm
FoNshut027.frm
FoNshut028.frm
FoNshut029.frm
FoNshut030.frm
FoNshut031.frm
FoNshut032.frm
FoNshut033.frm
FoNshut034.frm
FoNshut035.frm
FoNshut036.frm
FoNshut037.frm
FoNshut038.frm
FoNshut039.frm
FoNshut040.frm
FoNshut041.frm
FoNshut042.frm
FoNshut043.frm
FoNshut044.frm
FoNshut045.frm
FoNshut046.frm
FoNshut047.frm
FoNshut048.frm
FoNshut049.frm
FoNshut050.frm
FoNshut051.frm
FoNshut052.frm
FoNshut053.frm
FoNshut054.frm
FoNshut055.frm
FoNshut056.frm
FoNshut057.frm
FoNshut058.frm
FoNshut059.frm
FoNshut060.frm
FoNshut061.frm
FoNshut062.frm
FoNshut063.frm
FoNshut064.frm
FoNshut065.frm
FoNshut066.frm
FoNshut067.frm
FoNshut068.frm
FoNshut069.frm
FoNshut070.frm
FoNshut071.frm
FoNshut072.frm
FoNshut073.frm
FoNshut074.frm
FoNshut075.frm
FoNshut076.frm
FoNshut077.frm
FoNshut078.frm
FoNshut079.frm
FoNshut080.frm
FoNshut081.frm
FoNshut082.frm
FoNshut083.frm
FoNshut084.frm
FoNshut085.frm
FoNshut086.frm
FoNshut087.frm
FoNshut088.frm
FoNshut089.frm
FoNshut090.frm
FoNshut091.frm
FoNshut092.frm
FoNshut093.frm
FoNshut094.frm
FoNshut095.frm
FoNslime00.frm
FoNslime01.frm
FoNslime02.frm
FoNslime03.frm
FoNslime04.frm
FoNslime05.frm
FoNslime06.frm
FoNslime07.frm
FoNslime08.frm
FoNslime09.frm
FoNslime10.frm
FoNslime11.frm
FoNslime12.frm
FoNslime13.frm
FoNslime14.frm
FoNslime15.frm
FoNslime16.frm
FoNslime17.frm
FoNslime18.frm
FoNslime19.frm
FoNslime20.frm
FoNslime21.frm
FoNslime22.frm
FoNslime23.frm
FoNslime24.frm
FoNslime25.frm
FoNslime26.frm
FoNslime27.frm
FoNstlflr01.frm
FoNstlflr02.frm
FoNstlflr03.frm
FoNstlflr04.frm
FoNstlflr05.frm
FoNstlflr06.frm
FoNstop000.frm
FoNstop001.frm
FoNstop002.frm
FoNstop003.frm
FoNstop004.frm
FoNstop005.frm
FoNstop006.frm
FoNstop007.frm
FoNstop008.frm
FoNstop009.frm
FoNstop010.frm
FoNstop011.frm
FoNstop012.frm
FoNstop013.frm
FoNstop014.frm
FoNstop015.frm
FoNstop016.frm
FoNstop017.frm
FoNstop018.frm
FoNstop019.frm
FoNstop020.frm
FoNstop021.frm
FoNstop022.frm
FoNstop023.frm
FoNstop024.frm
FoNstop025.frm
FoNstop026.frm
FoNstop027.frm
FoNtank000.frm
FoNtank001.frm
FoNtank002.frm
FoNtank003.frm
FoNtank004.frm
FoNtank005.frm
FoNtank006.frm
FoNtank007.frm
FoNtank008.frm
FoNtank009.frm
FoNtank010.frm
FoNtank011.frm
FoNtank012.frm
FoNtank013.frm
FoNtank014.frm
FoNtank015.frm
FoNtank016.frm
FoNtank017.frm
FoNtank018.frm
FoNtank019.frm
FoNtank020.frm
FoNtank021.frm
FoNtank022.frm
FoNtank023.frm
FoNtank024.frm
FoNtank025.frm
FoNtank026.frm
FoNtank027.frm
FoNtank028.frm
FoNtank029.frm
FoNtank030.frm
FoNtank031.frm
FoNtank032.frm
FoNtank033.frm
FoNtank034.frm
FoNtank035.frm
FoNtank036.frm
FoNtank037.frm
FoNtank038.frm
FoNtank039.frm
FoNtank040.frm
FoNtank041.frm
FoNtepflr01.frm
FoNtepflr02.frm
FoNtepflr03.frm
FoNtepflr04.frm
FoNtepflr05.frm
FoNtepflr06.frm
FoNtepflr07.frm
FoNtepflr08.frm
FoNtepflr09.frm
FoNtepflr10.frm
FoNtepflr11.frm
FoNtepflr12.frm
FoNtepflr13.frm
FoNtepflr14.frm
FoNtepflr15.frm
FoNtepflr16.frm
FoNtepflr17.frm
FoNtepflr18.frm
FoNtowr01.frm
FoNtowr02.frm
FoNtowr03.frm
FoNtowr04.frm
FoNtowr05.frm
FoNtowr06.frm
FoNtowr07.frm
FoNtowr08.frm
FoNtowr09.frm
FoNtowr10.frm
FoNtowr11.frm
FoNtowr12.frm
FoNtowr13.frm
FoNtowr14.frm
FoNtowr15.frm
FoNtowr16.frm
FoNtowr17.frm
FoNtowr18.frm
FoNtp010.frm
FoNtp011.frm
FoNtp012.frm
FoNtp013.frm
FoNtp014.frm
FoNtp015.frm
FoNtp016.frm
FoNtp017.frm
FoNtp018.frm
FoNtp019.frm
FoNtp020.frm
FoNtp021.frm
FoNtp022.frm
FoNtp023.frm
FoNtp024.frm
FoNtp025.frm
FoNtp026.frm
FoNtp027.frm
FoNtp028.frm
FoNtp029.frm
FoNtp030.frm
FoNtp031.frm
FoNtp032.frm
FoNtp033.frm
FoNtp034.frm
FoNtp035.frm
FoNtp036.frm
FoNtp037.frm
FoNtp038.frm
FoNtp039.frm
FoNtp040.frm
FoNtp041.frm
FoNtp042.frm
FoNtp043.frm
FoNtp044.frm
FoNtp045.frm
FoNtp046.frm
FoNtp047.frm
FoNtp048.frm
FoNtp049.frm
FoNtp050.frm
FoNtp051.frm
FoNtp052.frm
FoNtp053.frm
FoNtp054.frm
FoNtp055.frm
FoNtp056.frm
FoNtp057.frm
FoNtp058.frm
FoNtp059.frm
FoNtp060.frm
FoNtp061.frm
FoNtp062.frm
FoNtp063.frm
FoNtp064.frm
FoNtp065.frm
FoNtp066.frm
FoNtp067.frm
FoNtp068.frm
FoNtp069.frm
FoNtp070.frm
FoNtp071.frm
FoNtp072.frm
FoNtp073.frm
FoNtp074.frm
FoNtp075.frm
FoNtp076.frm
FoNtp077.frm
FoNtp078.frm
FoNtp079.frm
FoNtp080.frm
FoNtp081.frm
FoNtp082.frm
FoNtp083.frm
FoNtp084.frm
FoNtp085.frm
FoNtp086.frm
FoNtp087.frm
FoNtp088.frm
FoNtp089.frm
FoNtp090.frm
FoNtp091.frm
FoNtp092.frm
FoNtp093.frm
FoNtp094.frm
FoNtp095.frm
FoNtp096.frm
FoNtp097.frm
FoNtp098.frm
FoNtp099.frm
FoNtp100.frm
FoNtp101.frm
FoNtp102.frm
FoNtp103.frm
FoNtp104.frm
FoNtp105.frm
FoNtp106.frm
FoNtp107.frm
FoNtp108.frm
FoNtp109.frm
FoNtp110.frm
FoNtp111.frm
FoNtp112.frm
FoNtp113.frm
FoNtp114.frm
FoNtp115.frm
FoNtp116.frm
FoNtp117.frm
FoNtp118.frm
FoNtp119.frm
FoNtp120.frm
FoNtp121.frm
FoNtp122.frm
FoNtp123.frm
FoNtp124.frm
FoNtp125.frm
FoNtp126.frm
FoNtp127.frm
FoNtp128.frm
FoNtp129.frm
FoNtp130.frm
FoNtp131.frm
FoNtp132.frm
FoNtp133.frm
FoNtp134.frm
FoNtp135.frm
FoNtp136.frm
FoNtp137.frm
FoNtp138.frm
FoNtp139.frm
FoNtp140.frm
FoNtp141.frm
FoNtp142.frm
FoNtp143.frm
FoNtp144.frm
FoNtp145.frm
FoNtp146.frm
FoNtp147.frm
FoNtp148.frm
FoNtp149.frm
FoNtp150.frm
FoNtp151.frm
FoNtp152.frm
FoNtp153.frm
FoNtp154.frm
FoNtp155.frm
FoNtp156.frm
FoNtp157.frm
FoNtp158.frm
FoNtp159.frm
FoNtp160.frm
FoNtp161.frm
FoNtp162.frm
FoNtp163.frm
FoNtp164.frm
FoNtp165.frm
FoNtp166.frm
FoNtp167.frm
FoNtp168.frm
FoNtp169.frm
FoNtp170.frm
FoNtp171.frm
FoNtp172.frm
FoNtp173.frm
FoNtp174.frm
FoNtp175.frm
FoNtp176.frm
FoNtp177.frm
FoNtp178.frm
FoNtp179.frm
FoNtp180.frm
FoNtp181.frm
FoNtp182.frm
FoNtp183.frm
FoNtp184.frm
FoNtp185.frm
FoNtp186.frm
FoNtp187.frm
FoNtp188.frm
FoNtp189.frm
FoNtp190.frm
FoNtpla001.frm
FoNtpla002.frm
FoNtpla003.frm
FoNtpla004.frm
FoNtpla005.frm
FoNtpla006.frm
FoNtpla007.frm
FoNtpla008.frm
FoNtpla009.frm
FoNtpla010.frm
FoNtpla011.frm
FoNtpla012.frm
FoNtpla013.frm
FoNtpla014.frm
FoNtpla015.frm
FoNtpla016.frm
FoNtpla017.frm
FoNtpla018.frm
FoNtpla019.frm
FoNtpla020.frm
FoNtpla021.frm
FoNtpla022.frm
FoNtpla023.frm
FoNtpla024.frm
FoNtpla025.frm
FoNtpla026.frm
FoNtpla027.frm
FoNtpla028.frm
FoNtpla029.frm
FoNtpla030.frm
FoNtpla031.frm
FoNtpla032.frm
FoNtpla033.frm
FoNtpla034.frm
FoNtpla035.frm
FoNtpla036.frm
FoNtpla037.frm
FoNtpla038.frm
FoNtpla039.frm
FoNtpla040.frm
FoNtpla041.frm
FoNtpla042.frm
FoNtpla043.frm
FoNtpla044.frm
FoNtpla045.frm
FoNtpla046.frm
FoNtpla047.frm
FoNtpla048.frm
FoNtpla049.frm
FoNtpla050.frm
FoNtpla051.frm
FoNtpla052.frm
FoNtpla053.frm
FoNtpla054.frm
FoNtpla055.frm
FoNtpla056.frm
FoNtpla057.frm
FoNtpla058.frm
FoNtpla059.frm
FoNtpla060.frm
FoNtpla061.frm
FoNtpla062.frm
FoNtpla063.frm
FoNtpla064.frm
FoNtpla065.frm
FoNtpla066.frm
FoNtpla067.frm
FoNtpla068.frm
FoNtplb001.frm
FoNtplb002.frm
FoNtplb003.frm
FoNtplb004.frm
FoNtplb005.frm
FoNtplb006.frm
FoNtplb007.frm
FoNtplb008.frm
FoNtplb009.frm
FoNtplb010.frm
FoNtplb011.frm
FoNtplb012.frm
FoNtplb013.frm
FoNtplb014.frm
FoNtplb015.frm
FoNtplb016.frm
FoNtplb017.frm
FoNtplb018.frm
FoNtplb019.frm
FoNtplb020.frm
FoNtplb021.frm
FoNtplb022.frm
FoNtplb023.frm
FoNtplb024.frm
FoNtplb025.frm
FoNtplb026.frm
FoNtplb027.frm
FoNtplb028.frm
FoNtplb029.frm
FoNtplb030.frm
FoNtplb031.frm
FoNtplb032.frm
FoNtplb033.frm
FoNtplb034.frm
FoNtplb035.frm
FoNtplb036.frm
FoNtplb037.frm
FoNtplb038.frm
FoNtplb039.frm
FoNtplb040.frm
FoNtplb041.frm
FoNtplb042.frm
FoNtplb043.frm
FoNtplb044.frm
FoNtplb045.frm
FoNtplb046.frm
FoNtplb047.frm
FoNtplb048.frm
FoNtplb049.frm
FoNtplb050.frm
FoNurn001.frm
FoNurn002.frm
FoNurn003.frm
FoNurn004.frm
FoNurn005.frm
FoNurn006.frm
FoNurn007.frm
FoNurn008.frm
FoNurn009.frm
FoNurn010.frm
FoNurn011.frm
FoNurn012.frm
FoNurn013.frm
FoNurn014.frm
FoNurn015.frm
FoNurn016.frm
FoNurn017.frm
FoNurn018.frm
FoNurn019.frm
FoNurn020.frm
FoNurn021.frm
FoNurn022.frm
FoNvcra001.frm
FoNvcra002.frm
FoNvcra003.frm
FoNvcra004.frm
FoNvcra005.frm
FoNvcra006.frm
FoNvcra007.frm
FoNvcra008.frm
FoNvcra009.frm
FoNvcra010.frm
FoNvcra011.frm
FoNvcra012.frm
FoNvcra013.frm
FoNvcra014.frm
FoNvcra015.frm
FoNvcra016.frm
FoNvcra017.frm
FoNvcra018.frm
FoNvcra019.frm
FoNvcra020.frm
FoNvcra021.frm
FoNvcra022.frm
FoNvcra023.frm
FoNvcra024.frm
FoNvcra025.frm
FoNvcra026.frm
FoNvcra027.frm
FoNvcra028.frm
FoNvcra029.frm
FoNvcra030.frm
FoNvcra031.frm
FoNvcra032.frm
FoNvcra033.frm
FoNvcra034.frm
FoNvcra035.frm
FoNvcra036.frm
FoNvcra037.frm
FoNvcra038.frm
FoNvcra039.frm
FoNvcra040.frm
FoNvcra041.frm
FoNvcra042.frm
FoNvcra043.frm
FoNvcra044.frm
FoNvcra045.frm
FoNvcra046.frm
FoNvcra047.frm
FoNvcra048.frm
FoNvcra049.frm
FoNvcra050.frm
FoNvcra051.frm
FoNvcra052.frm
FoNvcra053.frm
FoNvcra054.frm
FoNvcra055.frm
FoNvcra056.frm
FoNvcra057.frm
FoNvcra058.frm
FoNvcra059.frm
FoNvcra060.frm
FoNvcra061.frm
FoNvcrb001.frm
FoNvcrb002.frm
FoNvcrb003.frm
FoNvcrb004.frm
FoNvcrb005.frm
FoNvcrb006.frm
FoNvcrb007.frm
FoNvcrb008.frm
FoNvcrb009.frm
FoNvcrb010.frm
FoNvcrb011.frm
FoNvcrb012.frm
FoNvcrb013.frm
FoNvcrb014.frm
FoNvcrb015.frm
FoNvcrb016.frm
FoNvcrb017.frm
FoNvcrb018.frm
FoNvcrb019.frm
FoNvcrb020.frm
FoNvcrb021.frm
FoNvcrb022.frm
FoNvcrb023.frm
FoNvcrb024.frm
FoNvcrb025.frm
FoNvcrb026.frm
FoNvcrb027.frm
FoNvcrb028.frm
FoNvcrb029.frm
FoNvcrb030.frm
FoNvcrb031.frm
FoNvcrb032.frm
FoNvcrb033.frm
FoNvcrb034.frm
FoNvcrb035.frm
FoNvcrb036.frm
FoNvcrb037.frm
FoNvcrb038.frm
FoNvcrb039.frm
FoNvcrb040.frm
FoNvcrb041.frm
FoNvcrb042.frm
FoNvcrb043.frm
FoNvcrb044.frm
FoNvcrb045.frm
FoNvcrb046.frm
FoNvcrb047.frm
FoNvcrb048.frm
FoNvcrb049.frm
FoNvcrb050.frm
FoNvcrb051.frm
FoNvcrb052.frm
FoNvcrb053.frm
FoNvcrb054.frm
FoNvcrb055.frm
FoNvcrb056.frm
FoNvcrc001.frm
FoNvcrc002.frm
FoNvcrc003.frm
FoNvcrc004.frm
FoNvcrc005.frm
FoNvcrc006.frm
FoNvcrc007.frm
FoNvcrc008.frm
FoNvcrc009.frm
FoNvcrc010.frm
FoNvcrc011.frm
FoNvcrc012.frm
FoNvcrc013.frm
FoNvcrc014.frm
FoNvcrc015.frm
FoNvcrc016.frm
FoNvcrc017.frm
FoNvcrc018.frm
FoNvcrc019.frm
FoNvcrc020.frm
FoNvcrc021.frm
FoNvcrc022.frm
FoNvcrc023.frm
FoNvcrc024.frm
FoNvcrc025.frm
FoNvcrc026.frm
FoNvcrc027.frm
FoNvcrc028.frm
FoNvcrc029.frm
FoNvcrc030.frm
FoNvcrc031.frm
FoNvcrc032.frm
FoNvcrc033.frm
FoNvcrc034.frm
FoNvcrc035.frm
FoNvcrc036.frm
FoNvcrc037.frm
FoNvcrc038.frm
FoNvcrc039.frm
FoNvcrc040.frm
FoNvcrc041.frm
FoNvcrc042.frm
FoNvcrc043.frm
FoNvcrc044.frm
FoNvcrc045.frm
FoNvcrc046.frm
FoNvcrc047.frm
FoNvcrc048.frm
FoNvcrc049.frm
FoNvcrc050.frm
FoNvcrc051.frm
FoNvcrc052.frm
FoNvcrc053.frm
FoNvcrc054.frm
FoNvcrc055.frm
FoNvcrd001.frm
FoNvcrd002.frm
FoNvcrd003.frm
FoNvcrd004.frm
FoNvcrd005.frm
FoNvcrd006.frm
FoNvcrd007.frm
FoNvcrd008.frm
FoNvcrd009.frm
FoNvcrd010.frm
FoNvcrd011.frm
FoNvcrd012.frm
FoNvcrd013.frm
FoNvcrd014.frm
FoNvcrd015.frm
FoNvcrd016.frm
FoNvcrd017.frm
FoNvcrd018.frm
FoNvcrd019.frm
FoNvcrd020.frm
FoNvcrd021.frm
FoNvcrd022.frm
FoNvcrd023.frm
FoNvcrd024.frm
FoNvcrd025.frm
FoNvcrd026.frm
FoNvcrd027.frm
FoNvcrd028.frm
FoNvcrd029.frm
FoNvcrd030.frm
FoNvcrd031.frm
FoNvcrd032.frm
FoNvcrd033.frm
FoNvcrd034.frm
FoNvcrd035.frm
FoNvcrd036.frm
FoNvcrd037.frm
FoNvcrd038.frm
FoNvcrd039.frm
FoNvcrd040.frm
FoNvcrd041.frm
FoNvcrd042.frm
FoNvcrd043.frm
FoNvcrd044.frm
FoNvcrd045.frm
FoNvcrd046.frm
FoNvcrd047.frm
FoNvcrd048.frm
FoNvrof001.frm
FoNvrof002.frm
FoNvrof003.frm
FoNvrof004.frm
FoNvrof005.frm
FoNvrof006.frm
FoNvrof007.frm
FoNvrof008.frm
FoNvrof009.frm
FoNvrof010.frm
FoNvrof011.frm
FoNvrof012.frm
FoNvrof013.frm
FoNvrof014.frm
FoNvrof015.frm
FoNvrof016.frm
FoNvrof017.frm
FoNvrof018.frm
FoNvrof019.frm
FoNvrof020.frm
FoNvrof021.frm
FoNvrof022.frm
FoNvrof023.frm
FoNvrof024.frm
FoNvrof025.frm
FoNvrof026.frm
FoNvrof027.frm
FoNvrof028.frm
FoNvrof029.frm
FoNvrof030.frm
FoNvrof031.frm
FoNvrof032.frm
FoNvrof033.frm
FoNvrof034.frm
FoNvrof035.frm
FoNvrof036.frm
FoNvrof037.frm
FoNvrof038.frm
FoNvrof039.frm
FoNvrof040.frm
FoNvrof041.frm
FoNvrof042.frm
FoNvrof043.frm
FoNwroof01.frm
FoNwroof02.frm
FoNwroof03.frm
FoNwroof04.frm
FoNwroof05.frm
FoNwroof06.frm
FoNwroof07.frm
FoNwroof08.frm
FoNwroof09.frm
FoNwroof10.frm
FoNwroof11.frm
FoNwroof12.frm
FoNwroof13.frm
FoNwroof14.frm
FoNwroof15.frm
FoNyrf1000.frm
FoNyrf1001.frm
FoNyrf1002.frm
FoNyrf1003.frm
FoNyrf1004.frm
FoNyrf1005.frm
FoNyrf1006.frm
FoNyrf1007.frm
FoNyrf1008.frm
FoNyrf1009.frm
FoNyrf1010.frm
FoNyrf1011.frm
FoNyrf1012.frm
FoNyrf1013.frm
FoNyrf1014.frm
FoNyrf1015.frm
FoNyrf1016.frm
FoNyrf1017.frm
FoNyrf1018.frm
FoNyrf1019.frm
FoNyrf1020.frm
FoNyrf1021.frm
FoNyrf1022.frm
FoNyrf1023.frm
FoNyrf1024.frm
FoNyrf1025.frm
FoNyrf1026.frm
FoNyrf1027.frm
FoNyrf2007.frm
FoNyrf2012.frm
FoNyrf2017.frm
FoNyrf2018.frm
FoNyrf2023.frm
FoNyrf2024.frm
FoNyrf2025.frm
FoNyrf2026.frm
FoNyrf2027.frm
BRCBL001.FRM
BRCBL002.FRM
BRCBL003.FRM
BRCBL004.FRM
BRCBL005.FRM
BRCBL006.FRM
BRCBL007.FRM
BRCBL008.FRM
BRCBL009.FRM
BRCBL010.FRM
BRCBL011.FRM
BRCBL012.FRM
BRCBL013.FRM
BRCBL014.FRM
BRCBL015.FRM
BRCBL016.FRM
BRCBL017.FRM
BRCBL018.FRM
BRCBL019.FRM
BRCBL020.FRM
BRCBL021.FRM
BRCBL022.FRM
BRCBL023.FRM
BRCBL024.FRM
BRCBL025.FRM
BRCBL026.FRM
BRCBL027.FRM
BRCBL028.FRM
BRCBL029.FRM
BRCBL030.FRM
BRCBL031.FRM
BRCBL032.FRM
BRCTN001.FRM
BRCTN002.FRM
BRCTN003.FRM
BRCTN004.FRM
BRCTN005.FRM
BRCTN006.FRM
BRCTN007.FRM
BRCTN008.FRM
BRCTN009.FRM
BRCTN010.FRM
ENCLV001.FRM
ENCLV002.FRM
ENCLV003.FRM
ENCLV004.FRM
ENCLV005.FRM
ENCLV006.FRM
ENCLV007.FRM
ENCLV008.FRM
ENCLV009.FRM
ENCLV010.FRM
ENCLV011.FRM
ENCLV012.FRM
ENCLV013.FRM
EXTRA005.FRM
EXTRA006.FRM
EXTRA007.FRM
GSCON001.FRM
GSCON002.FRM
GSCON003.FRM
GSCON004.FRM
GSCON005.FRM
GSCON006.FRM
GSCON007.FRM
GSCON008.FRM
GSCON009.FRM
GSCON010.FRM
GSCON011.FRM
GSCON012.FRM
GSCON013.FRM
GSCON014.FRM
GSCON015.FRM
GSCON016.FRM
GSCON017.FRM
GSCON018.FRM
GSCON019.FRM
GSCON020.FRM
GSCON021.FRM
GSCON022.FRM
GSCON023.FRM
GSCON024.FRM
VTGBR001.FRM
VTGBR002.FRM
VTGBR003.FRM
VTGBR004.FRM
VTGBR005.FRM
VTGBR006.FRM
VTGBR007.FRM
VTGBR008.FRM
VTGBR009.FRM
VTGBR010.FRM
VTGBR011.FRM
VTGBR012.FRM
VTGSL001.FRM
VTGSL002.FRM
VTGSL003.FRM
VTGSL004.FRM
VTGSL005.FRM
VTGSL006.FRM
VTGSL007.FRM
VTGSL008.FRM
VTGSL009.FRM
VTGSL010.FRM
VTGSL011.FRM
VTGSL012.FRM
VTGSL013.FRM
VTGSL014.FRM
VTGSL015.FRM
VTGSL016.FRM
VTGST001.FRM
VTGST002.FRM
VTGST003.FRM
VTGST004.FRM
VTGST005.FRM
VTGST006.FRM
VTGST007.FRM
VTGST008.FRM
VTGST009.FRM
VTGST010.FRM
VTGST011.FRM
VTGST012.FRM
VTGST013.FRM
VTGST014.FRM
VTGST015.FRM
VTGST016.FRM
atoll1.png
atoll10.png
atoll11.png
atoll12.png
atoll13.png
atoll14.png
atoll15.png
atoll16.png
atoll17.png
atoll18.png
atoll19.png
atoll2.png
atoll20.png
atoll21.png
atoll22.png
atoll3.png
atoll4.png
atoll5.png
atoll6.png
atoll7.png
atoll8.png
atoll9.png
bld_floor_1_1.png
bld_floor_1_2.png
bld_floor_1_3.png
bld_floor_1_4.png
bld_floor_1_5.png
bld_floor_1_6.png
bld_floor_1_7.png
bld_floor_2_1.png
bld_floor_2_2.png
bld_floor_2_3.png
bld_floor_2_4.png
bld_floor_2_5.png
bld_floor_2_6.png
bld_floor_2_7.png
bld_floor_3_1.png
bld_floor_3_2.png
bld_floor_3_3.png
bld_floor_3_4.png
bld_floor_3_5.png
bld_floor_3_6.png
bld_floor_3_7.png
bld_floor_4_1.png
bld_floor_4_2.png
bld_floor_4_3.png
bld_floor_4_4.png
bld_floor_4_5.png
bld_floor_4_6.png
bld_floor_4_7.png
bld_floor_5_1.png
bld_floor_5_2.png
bld_floor_5_3.png
bld_floor_5_4.png
bld_floor_5_5.png
bld_floor_5_6.png
bld_floor_5_7.png
bld_floor_6_1.png
bld_floor_6_2.png
bld_floor_6_3.png
bld_floor_6_4.png
bld_floor_6_5.png
bld_floor_6_6.png
bld_floor_6_7.png
bld_floor_7_3.png
bld_floor_7_4.png
bld_floor_7_5.png
bld_floor_8_3.png
bld_floor_8_4.png
bld_floor_8_5.png
rocket_silo01.png
rocket_silo02.png
SLIME00.png
SLIME00a.png
SLIME01.png
SLIME01a.png
SLIME02.png
SLIME02a.png
SLIME03.png
SLIME03a.png
SLIME04.png
SLIME04a.png
SLIME05.png
SLIME06.png
SLIME07.png
SLIME07a.png
SLIME07b.png
SLIME08.png
SLIME08a.png
SLIME09.png
SLIME10.png
SLIME11.png
SLIME12.png
SLIME12a.png
SLIME13.png
SLIME14.png
SLIME14a.png
SLIME14b.png
SLIME15.png
SLIME15a.png
SLIME16.png
SLIME16a.png
SLIME17.png
SLIME18.png
SLIME19.png
SLIME19a.png
SLIME20.png
SLIME21.png
SLIME22.png
SLIME23.png
SLIME24.png
SLIME24a.png
SLIME25.png
SLIME26.png
SLIME27.png
SLIME27a.png
CRBM018.FRM
CRBM019.FRM
CRBM020.FRM
CRBM021.FRM
CRBM022.FRM
CRBM023.FRM
CRBM024.FRM
CRBM025.FRM
CRBM026.FRM
CRBM027.FRM
CRBM028.FRM
CRBM029.FRM
CRBM030.FRM
CRBM031.FRM
CRBM032.FRM
CRBM033.FRM
CRBM034.FRM
CRBM035.FRM
CRBM036.FRM
CRBM037.FRM
GRT2002.FRM
arfl011.png
arfl012.png
arfl013.png
arfl014.png
arfl015.png
arfl016.png
arfl017.png
arfl018.png
arfl019.png
arfl020.png
arfl021.png
arfl022.png
arfl023.png
arfl024.png
arfl025.png
arfl026.png
arfl027.png
arfl028.png
arfl029.png
arfl030.png
arfl031.png
arfl032.png
arfl033.png
arfl034.png
